Archive member included to satisfy reference by file (symbol)

/Applications/STM32CubeIDE.app/Contents/Eclipse/plugins/com.st.stm32cube.ide.mcu.externaltools.gnu-tools-for-stm32.12.3.rel1.macos64_1.0.200.202406191456/tools/bin/../lib/gcc/arm-none-eabi/12.3.1/../../../../arm-none-eabi/lib/thumb/v7e-m+fp/hard/libc_nano.a(libc_a-exit.o)
                              /Applications/STM32CubeIDE.app/Contents/Eclipse/plugins/com.st.stm32cube.ide.mcu.externaltools.gnu-tools-for-stm32.12.3.rel1.macos64_1.0.200.202406191456/tools/bin/../lib/gcc/arm-none-eabi/12.3.1/../../../../arm-none-eabi/lib/thumb/v7e-m+fp/hard/crt0.o (exit)
/Applications/STM32CubeIDE.app/Contents/Eclipse/plugins/com.st.stm32cube.ide.mcu.externaltools.gnu-tools-for-stm32.12.3.rel1.macos64_1.0.200.202406191456/tools/bin/../lib/gcc/arm-none-eabi/12.3.1/../../../../arm-none-eabi/lib/thumb/v7e-m+fp/hard/libc_nano.a(libc_a-findfp.o)
                              /Applications/STM32CubeIDE.app/Contents/Eclipse/plugins/com.st.stm32cube.ide.mcu.externaltools.gnu-tools-for-stm32.12.3.rel1.macos64_1.0.200.202406191456/tools/bin/../lib/gcc/arm-none-eabi/12.3.1/../../../../arm-none-eabi/lib/thumb/v7e-m+fp/hard/libc_nano.a(libc_a-exit.o) (__stdio_exit_handler)
/Applications/STM32CubeIDE.app/Contents/Eclipse/plugins/com.st.stm32cube.ide.mcu.externaltools.gnu-tools-for-stm32.12.3.rel1.macos64_1.0.200.202406191456/tools/bin/../lib/gcc/arm-none-eabi/12.3.1/../../../../arm-none-eabi/lib/thumb/v7e-m+fp/hard/libc_nano.a(libc_a-fwalk.o)
                              /Applications/STM32CubeIDE.app/Contents/Eclipse/plugins/com.st.stm32cube.ide.mcu.externaltools.gnu-tools-for-stm32.12.3.rel1.macos64_1.0.200.202406191456/tools/bin/../lib/gcc/arm-none-eabi/12.3.1/../../../../arm-none-eabi/lib/thumb/v7e-m+fp/hard/libc_nano.a(libc_a-findfp.o) (_fwalk_sglue)
/Applications/STM32CubeIDE.app/Contents/Eclipse/plugins/com.st.stm32cube.ide.mcu.externaltools.gnu-tools-for-stm32.12.3.rel1.macos64_1.0.200.202406191456/tools/bin/../lib/gcc/arm-none-eabi/12.3.1/../../../../arm-none-eabi/lib/thumb/v7e-m+fp/hard/libc_nano.a(libc_a-memset.o)
                              /Applications/STM32CubeIDE.app/Contents/Eclipse/plugins/com.st.stm32cube.ide.mcu.externaltools.gnu-tools-for-stm32.12.3.rel1.macos64_1.0.200.202406191456/tools/bin/../lib/gcc/arm-none-eabi/12.3.1/../../../../arm-none-eabi/lib/thumb/v7e-m+fp/hard/crt0.o (memset)
/Applications/STM32CubeIDE.app/Contents/Eclipse/plugins/com.st.stm32cube.ide.mcu.externaltools.gnu-tools-for-stm32.12.3.rel1.macos64_1.0.200.202406191456/tools/bin/../lib/gcc/arm-none-eabi/12.3.1/../../../../arm-none-eabi/lib/thumb/v7e-m+fp/hard/libc_nano.a(libc_a-impure.o)
                              /Applications/STM32CubeIDE.app/Contents/Eclipse/plugins/com.st.stm32cube.ide.mcu.externaltools.gnu-tools-for-stm32.12.3.rel1.macos64_1.0.200.202406191456/tools/bin/../lib/gcc/arm-none-eabi/12.3.1/../../../../arm-none-eabi/lib/thumb/v7e-m+fp/hard/libc_nano.a(libc_a-findfp.o) (_impure_data)
/Applications/STM32CubeIDE.app/Contents/Eclipse/plugins/com.st.stm32cube.ide.mcu.externaltools.gnu-tools-for-stm32.12.3.rel1.macos64_1.0.200.202406191456/tools/bin/../lib/gcc/arm-none-eabi/12.3.1/../../../../arm-none-eabi/lib/thumb/v7e-m+fp/hard/libc_nano.a(libc_a-errno.o)
                              ./Core/Src/syscalls.o (__errno)
/Applications/STM32CubeIDE.app/Contents/Eclipse/plugins/com.st.stm32cube.ide.mcu.externaltools.gnu-tools-for-stm32.12.3.rel1.macos64_1.0.200.202406191456/tools/bin/../lib/gcc/arm-none-eabi/12.3.1/../../../../arm-none-eabi/lib/thumb/v7e-m+fp/hard/libc_nano.a(libc_a-init.o)
                              /Applications/STM32CubeIDE.app/Contents/Eclipse/plugins/com.st.stm32cube.ide.mcu.externaltools.gnu-tools-for-stm32.12.3.rel1.macos64_1.0.200.202406191456/tools/bin/../lib/gcc/arm-none-eabi/12.3.1/../../../../arm-none-eabi/lib/thumb/v7e-m+fp/hard/crt0.o (__libc_init_array)
/Applications/STM32CubeIDE.app/Contents/Eclipse/plugins/com.st.stm32cube.ide.mcu.externaltools.gnu-tools-for-stm32.12.3.rel1.macos64_1.0.200.202406191456/tools/bin/../lib/gcc/arm-none-eabi/12.3.1/../../../../arm-none-eabi/lib/thumb/v7e-m+fp/hard/libc_nano.a(libc_a-lock.o)
                              /Applications/STM32CubeIDE.app/Contents/Eclipse/plugins/com.st.stm32cube.ide.mcu.externaltools.gnu-tools-for-stm32.12.3.rel1.macos64_1.0.200.202406191456/tools/bin/../lib/gcc/arm-none-eabi/12.3.1/../../../../arm-none-eabi/lib/thumb/v7e-m+fp/hard/libc_nano.a(libc_a-findfp.o) (__retarget_lock_init_recursive)
/Applications/STM32CubeIDE.app/Contents/Eclipse/plugins/com.st.stm32cube.ide.mcu.externaltools.gnu-tools-for-stm32.12.3.rel1.macos64_1.0.200.202406191456/tools/bin/../lib/gcc/arm-none-eabi/12.3.1/../../../../arm-none-eabi/lib/thumb/v7e-m+fp/hard/libc_nano.a(libc_a-memcpy-stub.o)
                              ./Drivers/Components/m24sr/m24sr.o (memcpy)
[...]
Memory Configuration

Name             Origin             Length             Attributes
RAM              0x20000000         0x000a0000         xrw
RAM2             0x10000000         0x00010000         xrw
RAM3             0x20040000         0x00060000         xrw
FLASH            0x08000000         0x00200000         xr
*default*        0x00000000         0xffffffff

Linker script and memory map

LOAD /Applications/STM32CubeIDE.app/Contents/Eclipse/plugins/com.st.stm32cube.ide.mcu.externaltools.gnu-tools-for-stm32.12.3.rel1.macos64_1.0.200.202406191456/tools/bin/../lib/gcc/arm-none-eabi/12.3.1/thumb/v7e-m+fp/hard/crti.o
LOAD /Applications/STM32CubeIDE.app/Contents/Eclipse/plugins/com.st.stm32cube.ide.mcu.externaltools.gnu-tools-for-stm32.12.3.rel1.macos64_1.0.200.202406191456/tools/bin/../lib/gcc/arm-none-eabi/12.3.1/thumb/v7e-m+fp/hard/crtbegin.o
LOAD /Applications/STM32CubeIDE.app/Contents/Eclipse/plugins/com.st.stm32cube.ide.mcu.externaltools.gnu-tools-for-stm32.12.3.rel1.macos64_1.0.200.202406191456/tools/bin/../lib/gcc/arm-none-eabi/12.3.1/../../../../arm-none-eabi/lib/thumb/v7e-m+fp/hard/crt0.o
LOAD ./Core/Src/main.o
LOAD ./Core/Src/stm32l4s5i_iot01.o
LOAD ./Core/Src/stm32l4s5i_iot01_accelero.o
LOAD ./Core/Src/stm32l4s5i_iot01_gyro.o
LOAD ./Core/Src/stm32l4s5i_iot01_hsensor.o
LOAD ./Core/Src/stm32l4s5i_iot01_magneto.o
LOAD ./Core/Src/stm32l4s5i_iot01_psensor.o
LOAD ./Core/Src/stm32l4s5i_iot01_tsensor.o
LOAD ./Core/Src/stm32l4xx_hal_msp.o
LOAD ./Core/Src/stm32l4xx_it.o
LOAD ./Core/Src/syscalls.o
LOAD ./Core/Src/sysmem.o
LOAD ./Core/Src/system_stm32l4xx.o
LOAD ./Core/Startup/startup_stm32l4s5vitx.o
LOAD ./Drivers/Components/cs42l51/cs42l51.o
LOAD ./Drivers/Components/cs43l22/cs43l22.o
LOAD ./Drivers/Components/cy8c4014lqi/cy8c4014lqi.o
LOAD ./Drivers/Components/ft3x67/ft3x67.o
LOAD ./Drivers/Components/ft5336/ft5336.o
LOAD ./Drivers/Components/ft6x06/ft6x06.o
LOAD ./Drivers/Components/hts221/hts221.o
LOAD ./Drivers/Components/hx8347g/hx8347g.o
LOAD ./Drivers/Components/hx8347i/hx8347i.o
LOAD ./Drivers/Components/l3gd20/l3gd20.o
LOAD ./Drivers/Components/lis3mdl/lis3mdl.o
LOAD ./Drivers/Components/lps22hb/lps22hb.o
LOAD ./Drivers/Components/ls016b8uy/ls016b8uy.o
LOAD ./Drivers/Components/lsm303c/lsm303c.o
LOAD ./Drivers/Components/lsm303dlhc/lsm303dlhc.o
LOAD ./Drivers/Components/lsm6dsl/lsm6dsl.o
LOAD ./Drivers/Components/m24sr/m24sr.o
LOAD ./Drivers/Components/mfxstm32l152/mfxstm32l152.o
LOAD ./Drivers/Components/ov9655/ov9655.o
LOAD ./Drivers/Components/st25dv/st25dv.o
LOAD ./Drivers/Components/st25dv/st25dv_reg.o
LOAD ./Drivers/Components/st7735/st7735.o
LOAD ./Drivers/Components/st7789h2/st7789h2.o
LOAD ./Drivers/Components/stmpe1600/stmpe1600.o
LOAD ./Drivers/Components/stmpe811/stmpe811.o
LOAD ./Drivers/Components/wm8994/wm8994.o
LOAD ./Drivers/STM32L4xx_HAL_Driver/Src/stm32l4xx_hal.o
LOAD ./Drivers/STM32L4xx_HAL_Driver/Src/stm32l4xx_hal_cortex.o
LOAD ./Drivers/STM32L4xx_HAL_Driver/Src/stm32l4xx_hal_dma.o
LOAD ./Drivers/STM32L4xx_HAL_Driver/Src/stm32l4xx_hal_dma_ex.o
LOAD ./Drivers/STM32L4xx_HAL_Driver/Src/stm32l4xx_hal_exti.o
LOAD ./Drivers/STM32L4xx_HAL_Driver/Src/stm32l4xx_hal_flash.o
LOAD ./Drivers/STM32L4xx_HAL_Driver/Src/stm32l4xx_hal_flash_ex.o
LOAD ./Drivers/STM32L4xx_HAL_Driver/Src/stm32l4xx_hal_flash_ramfunc.o
LOAD ./Drivers/STM32L4xx_HAL_Driver/Src/stm32l4xx_hal_gpio.o
LOAD ./Drivers/STM32L4xx_HAL_Driver/Src/stm32l4xx_hal_i2c.o
LOAD ./Drivers/STM32L4xx_HAL_Driver/Src/stm32l4xx_hal_i2c_ex.o
LOAD ./Drivers/STM32L4xx_HAL_Driver/Src/stm32l4xx_hal_pwr.o
LOAD ./Drivers/STM32L4xx_HAL_Driver/Src/stm32l4xx_hal_pwr_ex.o
LOAD ./Drivers/STM32L4xx_HAL_Driver/Src/stm32l4xx_hal_rcc.o
LOAD ./Drivers/STM32L4xx_HAL_Driver/Src/stm32l4xx_hal_rcc_ex.o
LOAD ./Drivers/STM32L4xx_HAL_Driver/Src/stm32l4xx_hal_tim.o
LOAD ./Drivers/STM32L4xx_HAL_Driver/Src/stm32l4xx_hal_tim_ex.o
LOAD ./Drivers/STM32L4xx_HAL_Driver/Src/stm32l4xx_hal_uart.o
LOAD ./Drivers/STM32L4xx_HAL_Driver/Src/stm32l4xx_hal_uart_ex.o
START GROUP
LOAD /Users/samerabdulkarim/STM32CubeIDE/workspace_1.16.0/UART-Sensors-OS-STM32/Core/Lib/libarm_cortexM4lf_math.a
END GROUP
START GROUP
LOAD /Applications/STM32CubeIDE.app/Contents/Eclipse/plugins/com.st.stm32cube.ide.mcu.externaltools.gnu-tools-for-stm32.12.3.rel1.macos64_1.0.200.202406191456/tools/bin/../lib/gcc/arm-none-eabi/12.3.1/../../../../arm-none-eabi/lib/thumb/v7e-m+fp/hard/libc_nano.a
LOAD /Applications/STM32CubeIDE.app/Contents/Eclipse/plugins/com.st.stm32cube.ide.mcu.externaltools.gnu-tools-for-stm32.12.3.rel1.macos64_1.0.200.202406191456/tools/bin/../lib/gcc/arm-none-eabi/12.3.1/../../../../arm-none-eabi/lib/thumb/v7e-m+fp/hard/libm.a
END GROUP
START GROUP
LOAD /Applications/STM32CubeIDE.app/Contents/Eclipse/plugins/com.st.stm32cube.ide.mcu.externaltools.gnu-tools-for-stm32.12.3.rel1.macos64_1.0.200.202406191456/tools/bin/../lib/gcc/arm-none-eabi/12.3.1/thumb/v7e-m+fp/hard/libgcc.a
LOAD /Applications/STM32CubeIDE.app/Contents/Eclipse/plugins/com.st.stm32cube.ide.mcu.externaltools.gnu-tools-for-stm32.12.3.rel1.macos64_1.0.200.202406191456/tools/bin/../lib/gcc/arm-none-eabi/12.3.1/../../../../arm-none-eabi/lib/thumb/v7e-m+fp/hard/libc_nano.a
END GROUP
START GROUP
LOAD /Applications/STM32CubeIDE.app/Contents/Eclipse/plugins/com.st.stm32cube.ide.mcu.externaltools.gnu-tools-for-stm32.12.3.rel1.macos64_1.0.200.202406191456/tools/bin/../lib/gcc/arm-none-eabi/12.3.1/thumb/v7e-m+fp/hard/libgcc.a
LOAD /Applications/STM32CubeIDE.app/Contents/Eclipse/plugins/com.st.stm32cube.ide.mcu.externaltools.gnu-tools-for-stm32.12.3.rel1.macos64_1.0.200.202406191456/tools/bin/../lib/gcc/arm-none-eabi/12.3.1/../../../../arm-none-eabi/lib/thumb/v7e-m+fp/hard/libc_nano.a
LOAD /Applications/STM32CubeIDE.app/Contents/Eclipse/plugins/com.st.stm32cube.ide.mcu.externaltools.gnu-tools-for-stm32.12.3.rel1.macos64_1.0.200.202406191456/tools/bin/../lib/gcc/arm-none-eabi/12.3.1/../../../../arm-none-eabi/lib/thumb/v7e-m+fp/hard/libnosys.a
END GROUP
START GROUP
LOAD /Applications/STM32CubeIDE.app/Contents/Eclipse/plugins/com.st.stm32cube.ide.mcu.externaltools.gnu-tools-for-stm32.12.3.rel1.macos64_1.0.200.202406191456/tools/bin/../lib/gcc/arm-none-eabi/12.3.1/thumb/v7e-m+fp/hard/libgcc.a
LOAD /Applications/STM32CubeIDE.app/Contents/Eclipse/plugins/com.st.stm32cube.ide.mcu.externaltools.gnu-tools-for-stm32.12.3.rel1.macos64_1.0.200.202406191456/tools/bin/../lib/gcc/arm-none-eabi/12.3.1/../../../../arm-none-eabi/lib/thumb/v7e-m+fp/hard/libc_nano.a
LOAD /Applications/STM32CubeIDE.app/Contents/Eclipse/plugins/com.st.stm32cube.ide.mcu.externaltools.gnu-tools-for-stm32.12.3.rel1.macos64_1.0.200.202406191456/tools/bin/../lib/gcc/arm-none-eabi/12.3.1/../../../../arm-none-eabi/lib/thumb/v7e-m+fp/hard/libnosys.a
END GROUP
LOAD /Applications/STM32CubeIDE.app/Contents/Eclipse/plugins/com.st.stm32cube.ide.mcu.externaltools.gnu-tools-for-stm32.12.3.rel1.macos64_1.0.200.202406191456/tools/bin/../lib/gcc/arm-none-eabi/12.3.1/thumb/v7e-m+fp/hard/crtend.o
LOAD /Applications/STM32CubeIDE.app/Contents/Eclipse/plugins/com.st.stm32cube.ide.mcu.externaltools.gnu-tools-for-stm32.12.3.rel1.macos64_1.0.200.202406191456/tools/bin/../lib/gcc/arm-none-eabi/12.3.1/thumb/v7e-m+fp/hard/crtn.o
                0x200a0000                        _estack = (ORIGIN (RAM) + LENGTH (RAM))
                0x00000200                        _Min_Heap_Size = 0x200
                0x00000400                        _Min_Stack_Size = 0x400

.isr_vector     0x08000000      0x1bc
                0x08000000                        . = ALIGN (0x4)
 *(.isr_vector)
 .isr_vector    0x08000000      0x1bc ./Core/Startup/startup_stm32l4s5vitx.o
                0x08000000                g_pfnVectors
                0x080001bc                        . = ALIGN (0x4)

.text           0x080001bc     0x5944
                0x080001bc                        . = ALIGN (0x4)
 *(.text)
 .text          0x080001bc       0x40 /Applications/STM32CubeIDE.app/Contents/Eclipse/plugins/com.st.stm32cube.ide.mcu.externaltools.gnu-tools-for-stm32.12.3.rel1.macos64_1.0.200.202406191456/tools/bin/../lib/gcc/arm-none-eabi/12.3.1/thumb/v7e-m+fp/hard/crtbegin.o
 .text          0x080001fc       0x30 /Applications/STM32CubeIDE.app/Contents/Eclipse/plugins/com.st.stm32cube.ide.mcu.externaltools.gnu-tools-for-stm32.12.3.rel1.macos64_1.0.200.202406191456/tools/bin/../lib/gcc/arm-none-eabi/12.3.1/thumb/v7e-m+fp/hard/libgcc.a(_aeabi_uldivmod.o)
                0x080001fc                __aeabi_uldivmod
 .text          0x0800022c      0x2bc /Applications/STM32CubeIDE.app/Contents/Eclipse/plugins/com.st.stm32cube.ide.mcu.externaltools.gnu-tools-for-stm32.12.3.rel1.macos64_1.0.200.202406191456/tools/bin/../lib/gcc/arm-none-eabi/12.3.1/thumb/v7e-m+fp/hard/libgcc.a(_udivmoddi4.o)
                0x0800022c                __udivmoddi4
 .text          0x080004e8        0x4 /Applications/STM32CubeIDE.app/Contents/Eclipse/plugins/com.st.stm32cube.ide.mcu.externaltools.gnu-tools-for-stm32.12.3.rel1.macos64_1.0.200.202406191456/tools/bin/../lib/gcc/arm-none-eabi/12.3.1/thumb/v7e-m+fp/hard/libgcc.a(_dvmd_tls.o)
                0x080004e8                __aeabi_ldiv0
                0x080004e8                __aeabi_idiv0
 *(.text*)
 .text.main     0x080004ec       0x30 ./Core/Src/main.o
                0x080004ec                main
 .text.SystemClock_Config
                0x0800051c       0xa2 ./Core/Src/main.o
                0x0800051c                SystemClock_Config
 *fill*         0x080005be        0x2 
 .text.MX_I2C2_Init
                0x080005c0       0x80 ./Core/Src/main.o
 .text.MX_TIM2_Init
                0x08000640       0x9c ./Core/Src/main.o
 .text.MX_USART1_UART_Init
                0x080006dc       0x98 ./Core/Src/main.o
 .text.MX_GPIO_Init
                0x08000774       0x30 ./Core/Src/main.o
 .text.HAL_TIM_PeriodElapsedCallback
                0x080007a4       0x5c ./Core/Src/main.o
                0x080007a4                HAL_TIM_PeriodElapsedCallback
 .text.Error_Handler
                0x08000800        0xc ./Core/Src/main.o
                0x08000800                Error_Handler
 .text.I2Cx_MspInit
                0x0800080c       0xb0 ./Core/Src/stm32l4s5i_iot01.o
 .text.I2Cx_Init
                0x080008bc       0x5c ./Core/Src/stm32l4s5i_iot01.o
 .text.I2Cx_ReadMultiple
                0x08000918       0x5a ./Core/Src/stm32l4s5i_iot01.o
 .text.I2Cx_WriteMultiple
                0x08000972       0x5a ./Core/Src/stm32l4s5i_iot01.o
 .text.I2Cx_Error
                0x080009cc       0x20 ./Core/Src/stm32l4s5i_iot01.o
 .text.SENSOR_IO_Init
                0x080009ec       0x14 ./Core/Src/stm32l4s5i_iot01.o
                0x080009ec                SENSOR_IO_Init
 .text.SENSOR_IO_Write
                0x08000a00       0x34 ./Core/Src/stm32l4s5i_iot01.o
                0x08000a00                SENSOR_IO_Write
 .text.SENSOR_IO_Read
                0x08000a34       0x3c ./Core/Src/stm32l4s5i_iot01.o
                0x08000a34                SENSOR_IO_Read
 .text.SENSOR_IO_ReadMultiple
                0x08000a70       0x3c ./Core/Src/stm32l4s5i_iot01.o
                0x08000a70                SENSOR_IO_ReadMultiple
 .text.BSP_ACCELERO_Init
                0x08000aac       0x7c ./Core/Src/stm32l4s5i_iot01_accelero.o
                0x08000aac                BSP_ACCELERO_Init
 .text.BSP_ACCELERO_AccGetXYZ
                0x08000b28       0x30 ./Core/Src/stm32l4s5i_iot01_accelero.o
                0x08000b28                BSP_ACCELERO_AccGetXYZ
 .text.BSP_HSENSOR_Init
                0x08000b58       0x40 ./Core/Src/stm32l4s5i_iot01_hsensor.o
                0x08000b58                BSP_HSENSOR_Init
 .text.BSP_HSENSOR_ReadHumidity
                0x08000b98       0x1c ./Core/Src/stm32l4s5i_iot01_hsensor.o
                0x08000b98                BSP_HSENSOR_ReadHumidity
 .text.BSP_MAGNETO_Init
                0x08000bb4       0x58 ./Core/Src/stm32l4s5i_iot01_magneto.o
                0x08000bb4                BSP_MAGNETO_Init
 .text.BSP_MAGNETO_GetXYZ
                0x08000c0c       0x30 ./Core/Src/stm32l4s5i_iot01_magneto.o
                0x08000c0c                BSP_MAGNETO_GetXYZ
 .text.BSP_PSENSOR_Init
                0x08000c3c       0x40 ./Core/Src/stm32l4s5i_iot01_psensor.o
                0x08000c3c                BSP_PSENSOR_Init
 .text.BSP_PSENSOR_ReadPressure
                0x08000c7c       0x1c ./Core/Src/stm32l4s5i_iot01_psensor.o
                0x08000c7c                BSP_PSENSOR_ReadPressure
 .text.HAL_MspInit
                0x08000c98       0x48 ./Core/Src/stm32l4xx_hal_msp.o
                0x08000c98                HAL_MspInit
 .text.HAL_I2C_MspInit
                0x08000ce0       0xbc ./Core/Src/stm32l4xx_hal_msp.o
                0x08000ce0                HAL_I2C_MspInit
 .text.HAL_I2C_MspDeInit
                0x08000d9c       0x48 ./Core/Src/stm32l4xx_hal_msp.o
                0x08000d9c                HAL_I2C_MspDeInit
 .text.HAL_TIM_Base_MspInit
                0x08000de4       0x48 ./Core/Src/stm32l4xx_hal_msp.o
                0x08000de4                HAL_TIM_Base_MspInit
 .text.HAL_UART_MspInit
                0x08000e2c       0xbc ./Core/Src/stm32l4xx_hal_msp.o
                0x08000e2c                HAL_UART_MspInit
 .text.NMI_Handler
                0x08000ee8        0x8 ./Core/Src/stm32l4xx_it.o
                0x08000ee8                NMI_Handler
 .text.HardFault_Handler
                0x08000ef0        0x8 ./Core/Src/stm32l4xx_it.o
                0x08000ef0                HardFault_Handler
 .text.MemManage_Handler
                0x08000ef8        0x8 ./Core/Src/stm32l4xx_it.o
                0x08000ef8                MemManage_Handler
 .text.BusFault_Handler
                0x08000f00        0x8 ./Core/Src/stm32l4xx_it.o
                0x08000f00                BusFault_Handler
 .text.UsageFault_Handler
                0x08000f08        0x8 ./Core/Src/stm32l4xx_it.o
                0x08000f08                UsageFault_Handler
 .text.SVC_Handler
                0x08000f10        0xe ./Core/Src/stm32l4xx_it.o
                0x08000f10                SVC_Handler
 .text.DebugMon_Handler
                0x08000f1e        0xe ./Core/Src/stm32l4xx_it.o
                0x08000f1e                DebugMon_Handler
 .text.PendSV_Handler
                0x08000f2c        0xe ./Core/Src/stm32l4xx_it.o
                0x08000f2c                PendSV_Handler
 .text.SysTick_Handler
                0x08000f3a        0xc ./Core/Src/stm32l4xx_it.o
                0x08000f3a                SysTick_Handler
 *fill*         0x08000f46        0x2 
 .text.TIM2_IRQHandler
                0x08000f48       0x14 ./Core/Src/stm32l4xx_it.o
                0x08000f48                TIM2_IRQHandler
 .text.SystemInit
                0x08000f5c       0x24 ./Core/Src/system_stm32l4xx.o
                0x08000f5c                SystemInit
 .text.Reset_Handler
                0x08000f80       0x50 ./Core/Startup/startup_stm32l4s5vitx.o
                0x08000f80                Reset_Handler
 .text.Default_Handler
                0x08000fd0        0x2 ./Core/Startup/startup_stm32l4s5vitx.o
                0x08000fd0                TIM1_BRK_TIM15_IRQHandler
                0x08000fd0                EXTI2_IRQHandler
                0x08000fd0                TIM8_TRG_COM_IRQHandler
                0x08000fd0                TIM8_CC_IRQHandler
                0x08000fd0                TIM1_CC_IRQHandler
                0x08000fd0                TSC_IRQHandler
                0x08000fd0                TAMP_STAMP_IRQHandler
                0x08000fd0                EXTI3_IRQHandler
                0x08000fd0                LPTIM2_IRQHandler
                0x08000fd0                DFSDM1_FLT1_IRQHandler
                0x08000fd0                GFXMMU_IRQHandler
                0x08000fd0                I2C3_ER_IRQHandler
                0x08000fd0                DFSDM1_FLT2_IRQHandler
                0x08000fd0                EXTI0_IRQHandler
                0x08000fd0                I2C2_EV_IRQHandler
                0x08000fd0                CAN1_RX0_IRQHandler
                0x08000fd0                FPU_IRQHandler
                0x08000fd0                TIM1_UP_TIM16_IRQHandler
                0x08000fd0                LTDC_ER_IRQHandler
                0x08000fd0                SPI1_IRQHandler
                0x08000fd0                OCTOSPI1_IRQHandler
                0x08000fd0                TIM6_DAC_IRQHandler
                0x08000fd0                DCMI_IRQHandler
                0x08000fd0                TIM8_UP_IRQHandler
                0x08000fd0                OCTOSPI2_IRQHandler
                0x08000fd0                DMA2_Channel2_IRQHandler
                0x08000fd0                DMA1_Channel4_IRQHandler
                0x08000fd0                SAI2_IRQHandler
                0x08000fd0                ADC1_IRQHandler
                0x08000fd0                DFSDM1_FLT3_IRQHandler
                0x08000fd0                USART3_IRQHandler
                0x08000fd0                DMA1_Channel7_IRQHandler
                0x08000fd0                CAN1_RX1_IRQHandler
                0x08000fd0                UART5_IRQHandler
                0x08000fd0                TIM4_IRQHandler
                0x08000fd0                DMA2_Channel1_IRQHandler
                0x08000fd0                I2C1_EV_IRQHandler
                0x08000fd0                DMAMUX1_OVR_IRQHandler
                0x08000fd0                DMA1_Channel6_IRQHandler
                0x08000fd0                UART4_IRQHandler
                0x08000fd0                DMA2_Channel4_IRQHandler
                0x08000fd0                TIM3_IRQHandler
                0x08000fd0                RCC_IRQHandler
                0x08000fd0                DMA1_Channel1_IRQHandler
                0x08000fd0                Default_Handler
                0x08000fd0                DMA2_Channel7_IRQHandler
                0x08000fd0                EXTI15_10_IRQHandler
                0x08000fd0                TIM7_IRQHandler
                0x08000fd0                SDMMC1_IRQHandler
                0x08000fd0                TIM5_IRQHandler
                0x08000fd0                I2C3_EV_IRQHandler
                0x08000fd0                EXTI9_5_IRQHandler
                0x08000fd0                RTC_WKUP_IRQHandler
                0x08000fd0                LTDC_IRQHandler
                0x08000fd0                PVD_PVM_IRQHandler
                0x08000fd0                SPI2_IRQHandler
                0x08000fd0                CAN1_TX_IRQHandler
                0x08000fd0                DMA2_Channel5_IRQHandler
                0x08000fd0                DMA1_Channel5_IRQHandler
                0x08000fd0                EXTI4_IRQHandler
                0x08000fd0                RNG_IRQHandler
                0x08000fd0                TIM1_TRG_COM_TIM17_IRQHandler
                0x08000fd0                DMA1_Channel3_IRQHandler
                0x08000fd0                COMP_IRQHandler
                0x08000fd0                HASH_CRS_IRQHandler
                0x08000fd0                WWDG_IRQHandler
                0x08000fd0                I2C4_EV_IRQHandler
                0x08000fd0                LPUART1_IRQHandler
                0x08000fd0                DMA2_Channel6_IRQHandler
                0x08000fd0                DMA2D_IRQHandler
                0x08000fd0                EXTI1_IRQHandler
                0x08000fd0                AES_IRQHandler
                0x08000fd0                USART2_IRQHandler
                0x08000fd0                DFSDM1_FLT0_IRQHandler
                0x08000fd0                I2C2_ER_IRQHandler
                0x08000fd0                DMA1_Channel2_IRQHandler
                0x08000fd0                TIM8_BRK_IRQHandler
                0x08000fd0                CAN1_SCE_IRQHandler
                0x08000fd0                FLASH_IRQHandler
                0x08000fd0                USART1_IRQHandler
                0x08000fd0                OTG_FS_IRQHandler
                0x08000fd0                SPI3_IRQHandler
                0x08000fd0                I2C1_ER_IRQHandler
                0x08000fd0                FMC_IRQHandler
                0x08000fd0                LPTIM1_IRQHandler
                0x08000fd0                I2C4_ER_IRQHandler
                0x08000fd0                SAI1_IRQHandler
                0x08000fd0                DMA2_Channel3_IRQHandler
                0x08000fd0                RTC_Alarm_IRQHandler
 .text.HTS221_H_Init
                0x08000fd2       0x58 ./Drivers/Components/hts221/hts221.o
                0x08000fd2                HTS221_H_Init
 .text.HTS221_H_ReadID
                0x0800102a       0x2c ./Drivers/Components/hts221/hts221.o
                0x0800102a                HTS221_H_ReadID
 *fill*         0x08001056        0x2 
 .text.HTS221_H_ReadHumidity
                0x08001058      0x138 ./Drivers/Components/hts221/hts221.o
                0x08001058                HTS221_H_ReadHumidity
 .text.LIS3MDL_MagInit
                0x08001190       0x50 ./Drivers/Components/lis3mdl/lis3mdl.o
                0x08001190                LIS3MDL_MagInit
 .text.LIS3MDL_MagDeInit
                0x080011e0       0x3a ./Drivers/Components/lis3mdl/lis3mdl.o
                0x080011e0                LIS3MDL_MagDeInit
 .text.LIS3MDL_MagReadID
                0x0800121a       0x16 ./Drivers/Components/lis3mdl/lis3mdl.o
                0x0800121a                LIS3MDL_MagReadID
 .text.LIS3MDL_MagLowPower
                0x08001230       0x44 ./Drivers/Components/lis3mdl/lis3mdl.o
                0x08001230                LIS3MDL_MagLowPower
 .text.LIS3MDL_MagReadXYZ
                0x08001274      0x108 ./Drivers/Components/lis3mdl/lis3mdl.o
                0x08001274                LIS3MDL_MagReadXYZ
 .text.LPS22HB_P_Init
                0x0800137c       0x1a ./Drivers/Components/lps22hb/lps22hb.o
                0x0800137c                LPS22HB_P_Init
 .text.LPS22HB_P_ReadID
                0x08001396       0x2c ./Drivers/Components/lps22hb/lps22hb.o
                0x08001396                LPS22HB_P_ReadID
 *fill*         0x080013c2        0x2 
 .text.LPS22HB_P_ReadPressure
                0x080013c4       0xbc ./Drivers/Components/lps22hb/lps22hb.o
                0x080013c4                LPS22HB_P_ReadPressure
 .text.LPS22HB_Init
                0x08001480       0x7e ./Drivers/Components/lps22hb/lps22hb.o
 .text.LSM6DSL_AccInit
                0x080014fe       0x72 ./Drivers/Components/lsm6dsl/lsm6dsl.o
                0x080014fe                LSM6DSL_AccInit
 .text.LSM6DSL_AccDeInit
                0x08001570       0x32 ./Drivers/Components/lsm6dsl/lsm6dsl.o
                0x08001570                LSM6DSL_AccDeInit
 .text.LSM6DSL_AccReadID
                0x080015a2       0x16 ./Drivers/Components/lsm6dsl/lsm6dsl.o
                0x080015a2                LSM6DSL_AccReadID
 .text.LSM6DSL_AccLowPower
                0x080015b8       0x44 ./Drivers/Components/lsm6dsl/lsm6dsl.o
                0x080015b8                LSM6DSL_AccLowPower
 .text.LSM6DSL_AccReadXYZ
                0x080015fc      0x12c ./Drivers/Components/lsm6dsl/lsm6dsl.o
                0x080015fc                LSM6DSL_AccReadXYZ
 .text.HAL_Init
                0x08001728       0x30 ./Drivers/STM32L4xx_HAL_Driver/Src/stm32l4xx_hal.o
                0x08001728                HAL_Init
 .text.HAL_InitTick
                0x08001758       0x78 ./Drivers/STM32L4xx_HAL_Driver/Src/stm32l4xx_hal.o
                0x08001758                HAL_InitTick
 .text.HAL_IncTick
                0x080017d0       0x28 ./Drivers/STM32L4xx_HAL_Driver/Src/stm32l4xx_hal.o
                0x080017d0                HAL_IncTick
 .text.HAL_GetTick
                0x080017f8       0x18 ./Drivers/STM32L4xx_HAL_Driver/Src/stm32l4xx_hal.o
                0x080017f8                HAL_GetTick
 .text.__NVIC_SetPriorityGrouping
                0x08001810       0x48 ./Drivers/STM32L4xx_HAL_Driver/Src/stm32l4xx_hal_cortex.o
 .text.__NVIC_GetPriorityGrouping
                0x08001858       0x1c ./Drivers/STM32L4xx_HAL_Driver/Src/stm32l4xx_hal_cortex.o
 .text.__NVIC_EnableIRQ
                0x08001874       0x3c ./Drivers/STM32L4xx_HAL_Driver/Src/stm32l4xx_hal_cortex.o
 .text.__NVIC_SetPriority
                0x080018b0       0x54 ./Drivers/STM32L4xx_HAL_Driver/Src/stm32l4xx_hal_cortex.o
 .text.NVIC_EncodePriority
                0x08001904       0x66 ./Drivers/STM32L4xx_HAL_Driver/Src/stm32l4xx_hal_cortex.o
 *fill*         0x0800196a        0x2 
 .text.SysTick_Config
                0x0800196c       0x44 ./Drivers/STM32L4xx_HAL_Driver/Src/stm32l4xx_hal_cortex.o
 .text.HAL_NVIC_SetPriorityGrouping
                0x080019b0       0x16 ./Drivers/STM32L4xx_HAL_Driver/Src/stm32l4xx_hal_cortex.o
                0x080019b0                HAL_NVIC_SetPriorityGrouping
 .text.HAL_NVIC_SetPriority
                0x080019c6       0x38 ./Drivers/STM32L4xx_HAL_Driver/Src/stm32l4xx_hal_cortex.o
                0x080019c6                HAL_NVIC_SetPriority
 .text.HAL_NVIC_EnableIRQ
                0x080019fe       0x1c ./Drivers/STM32L4xx_HAL_Driver/Src/stm32l4xx_hal_cortex.o
                0x080019fe                HAL_NVIC_EnableIRQ
 .text.HAL_SYSTICK_Config
                0x08001a1a       0x18 ./Drivers/STM32L4xx_HAL_Driver/Src/stm32l4xx_hal_cortex.o
                0x08001a1a                HAL_SYSTICK_Config
 *fill*         0x08001a32        0x2 
 .text.HAL_GPIO_Init
                0x08001a34      0x324 ./Drivers/STM32L4xx_HAL_Driver/Src/stm32l4xx_hal_gpio.o
                0x08001a34                HAL_GPIO_Init
 .text.HAL_GPIO_DeInit
                0x08001d58      0x1e4 ./Drivers/STM32L4xx_HAL_Driver/Src/stm32l4xx_hal_gpio.o
                0x08001d58                HAL_GPIO_DeInit
 .text.HAL_I2C_Init
                0x08001f3c      0x136 ./Drivers/STM32L4xx_HAL_Driver/Src/stm32l4xx_hal_i2c.o
                0x08001f3c                HAL_I2C_Init
 .text.HAL_I2C_DeInit
                0x08002072       0x5e ./Drivers/STM32L4xx_HAL_Driver/Src/stm32l4xx_hal_i2c.o
                0x08002072                HAL_I2C_DeInit
 .text.HAL_I2C_Mem_Write
                0x080020d0      0x228 ./Drivers/STM32L4xx_HAL_Driver/Src/stm32l4xx_hal_i2c.o
                0x080020d0                HAL_I2C_Mem_Write
 .text.HAL_I2C_Mem_Read
                0x080022f8      0x234 ./Drivers/STM32L4xx_HAL_Driver/Src/stm32l4xx_hal_i2c.o
                0x080022f8                HAL_I2C_Mem_Read
 .text.I2C_RequestMemoryWrite
                0x0800252c       0xa8 ./Drivers/STM32L4xx_HAL_Driver/Src/stm32l4xx_hal_i2c.o
 .text.I2C_RequestMemoryRead
                0x080025d4       0xa8 ./Drivers/STM32L4xx_HAL_Driver/Src/stm32l4xx_hal_i2c.o
 .text.I2C_Flush_TXDR
                0x0800267c       0x48 ./Drivers/STM32L4xx_HAL_Driver/Src/stm32l4xx_hal_i2c.o
 .text.I2C_WaitOnFlagUntilTimeout
                0x080026c4       0xb2 ./Drivers/STM32L4xx_HAL_Driver/Src/stm32l4xx_hal_i2c.o
 .text.I2C_WaitOnTXISFlagUntilTimeout
                0x08002776       0x8e ./Drivers/STM32L4xx_HAL_Driver/Src/stm32l4xx_hal_i2c.o
 .text.I2C_WaitOnSTOPFlagUntilTimeout
                0x08002804       0x86 ./Drivers/STM32L4xx_HAL_Driver/Src/stm32l4xx_hal_i2c.o
 *fill*         0x0800288a        0x2 
 .text.I2C_IsErrorOccurred
                0x0800288c      0x1c0 ./Drivers/STM32L4xx_HAL_Driver/Src/stm32l4xx_hal_i2c.o
 .text.I2C_TransferConfig
                0x08002a4c       0x64 ./Drivers/STM32L4xx_HAL_Driver/Src/stm32l4xx_hal_i2c.o
 .text.HAL_I2CEx_ConfigAnalogFilter
                0x08002ab0       0x96 ./Drivers/STM32L4xx_HAL_Driver/Src/stm32l4xx_hal_i2c_ex.o
                0x08002ab0                HAL_I2CEx_ConfigAnalogFilter
 .text.HAL_I2CEx_ConfigDigitalFilter
                0x08002b46       0x98 ./Drivers/STM32L4xx_HAL_Driver/Src/stm32l4xx_hal_i2c_ex.o
                0x08002b46                HAL_I2CEx_ConfigDigitalFilter
 *fill*         0x08002bde        0x2 
 .text.HAL_PWREx_GetVoltageRange
                0x08002be0       0x40 ./Drivers/STM32L4xx_HAL_Driver/Src/stm32l4xx_hal_pwr_ex.o
                0x08002be0                HAL_PWREx_GetVoltageRange
 .text.HAL_PWREx_ControlVoltageScaling
                0x08002c20      0x148 ./Drivers/STM32L4xx_HAL_Driver/Src/stm32l4xx_hal_pwr_ex.o
                0x08002c20                HAL_PWREx_ControlVoltageScaling
 .text.HAL_RCC_OscConfig
                0x08002d68      0x834 ./Drivers/STM32L4xx_HAL_Driver/Src/stm32l4xx_hal_rcc.o
                0x08002d68                HAL_RCC_OscConfig
 .text.HAL_RCC_ClockConfig
                0x0800359c      0x274 ./Drivers/STM32L4xx_HAL_Driver/Src/stm32l4xx_hal_rcc.o
                0x0800359c                HAL_RCC_ClockConfig
 .text.HAL_RCC_GetSysClockFreq
                0x08003810      0x118 ./Drivers/STM32L4xx_HAL_Driver/Src/stm32l4xx_hal_rcc.o
                0x08003810                HAL_RCC_GetSysClockFreq
 .text.HAL_RCC_GetHCLKFreq
                0x08003928       0x18 ./Drivers/STM32L4xx_HAL_Driver/Src/stm32l4xx_hal_rcc.o
                0x08003928                HAL_RCC_GetHCLKFreq
 .text.HAL_RCC_GetPCLK1Freq
                0x08003940       0x2c ./Drivers/STM32L4xx_HAL_Driver/Src/stm32l4xx_hal_rcc.o
                0x08003940                HAL_RCC_GetPCLK1Freq
 .text.HAL_RCC_GetPCLK2Freq
                0x0800396c       0x2c ./Drivers/STM32L4xx_HAL_Driver/Src/stm32l4xx_hal_rcc.o
                0x0800396c                HAL_RCC_GetPCLK2Freq
 .text.RCC_SetFlashLatencyFromMSIRange
                0x08003998       0xb4 ./Drivers/STM32L4xx_HAL_Driver/Src/stm32l4xx_hal_rcc.o
 .text.RCC_GetSysClockFreqFromPLLSource
                0x08003a4c       0xcc ./Drivers/STM32L4xx_HAL_Driver/Src/stm32l4xx_hal_rcc.o
 .text.HAL_RCCEx_PeriphCLKConfig
                0x08003b18      0x660 ./Drivers/STM32L4xx_HAL_Driver/Src/stm32l4xx_hal_rcc_ex.o
                0x08003b18                HAL_RCCEx_PeriphCLKConfig
 .text.RCCEx_PLLSAI1_Config
                0x08004178      0x1e8 ./Drivers/STM32L4xx_HAL_Driver/Src/stm32l4xx_hal_rcc_ex.o
 .text.RCCEx_PLLSAI2_Config
                0x08004360      0x1e8 ./Drivers/STM32L4xx_HAL_Driver/Src/stm32l4xx_hal_rcc_ex.o
 .text.HAL_TIM_Base_Init
                0x08004548       0xae ./Drivers/STM32L4xx_HAL_Driver/Src/stm32l4xx_hal_tim.o
                0x08004548                HAL_TIM_Base_Init
 .text.HAL_TIM_IRQHandler
                0x080045f6      0x20e ./Drivers/STM32L4xx_HAL_Driver/Src/stm32l4xx_hal_tim.o
                0x080045f6                HAL_TIM_IRQHandler
 .text.HAL_TIM_ConfigClockSource
                0x08004804      0x192 ./Drivers/STM32L4xx_HAL_Driver/Src/stm32l4xx_hal_tim.o
                0x08004804                HAL_TIM_ConfigClockSource
 .text.HAL_TIM_OC_DelayElapsedCallback
                0x08004996       0x14 ./Drivers/STM32L4xx_HAL_Driver/Src/stm32l4xx_hal_tim.o
                0x08004996                HAL_TIM_OC_DelayElapsedCallback
 .text.HAL_TIM_IC_CaptureCallback
                0x080049aa       0x14 ./Drivers/STM32L4xx_HAL_Driver/Src/stm32l4xx_hal_tim.o
                0x080049aa                HAL_TIM_IC_CaptureCallback
 .text.HAL_TIM_PWM_PulseFinishedCallback
                0x080049be       0x14 ./Drivers/STM32L4xx_HAL_Driver/Src/stm32l4xx_hal_tim.o
                0x080049be                HAL_TIM_PWM_PulseFinishedCallback
 .text.HAL_TIM_TriggerCallback
                0x080049d2       0x14 ./Drivers/STM32L4xx_HAL_Driver/Src/stm32l4xx_hal_tim.o
                0x080049d2                HAL_TIM_TriggerCallback
 *fill*         0x080049e6        0x2 
 .text.TIM_Base_SetConfig
                0x080049e8      0x14c ./Drivers/STM32L4xx_HAL_Driver/Src/stm32l4xx_hal_tim.o
                0x080049e8                TIM_Base_SetConfig
 .text.TIM_TI1_ConfigInputStage
                0x08004b34       0x5e ./Drivers/STM32L4xx_HAL_Driver/Src/stm32l4xx_hal_tim.o
 .text.TIM_TI2_ConfigInputStage
                0x08004b92       0x60 ./Drivers/STM32L4xx_HAL_Driver/Src/stm32l4xx_hal_tim.o
 .text.TIM_ITRx_SetConfig
                0x08004bf2       0x36 ./Drivers/STM32L4xx_HAL_Driver/Src/stm32l4xx_hal_tim.o
 .text.TIM_ETR_SetConfig
                0x08004c28       0x40 ./Drivers/STM32L4xx_HAL_Driver/Src/stm32l4xx_hal_tim.o
                0x08004c28                TIM_ETR_SetConfig
 .text.HAL_TIMEx_MasterConfigSynchronization
                0x08004c68      0x110 ./Drivers/STM32L4xx_HAL_Driver/Src/stm32l4xx_hal_tim_ex.o
                0x08004c68                HAL_TIMEx_MasterConfigSynchronization
 .text.HAL_TIMEx_CommutCallback
                0x08004d78       0x14 ./Drivers/STM32L4xx_HAL_Driver/Src/stm32l4xx_hal_tim_ex.o
                0x08004d78                HAL_TIMEx_CommutCallback
 .text.HAL_TIMEx_BreakCallback
                0x08004d8c       0x14 ./Drivers/STM32L4xx_HAL_Driver/Src/stm32l4xx_hal_tim_ex.o
                0x08004d8c                HAL_TIMEx_BreakCallback
 .text.HAL_TIMEx_Break2Callback
                0x08004da0       0x14 ./Drivers/STM32L4xx_HAL_Driver/Src/stm32l4xx_hal_tim_ex.o
                0x08004da0                HAL_TIMEx_Break2Callback
 .text.HAL_UART_Init
                0x08004db4       0xa0 ./Drivers/STM32L4xx_HAL_Driver/Src/stm32l4xx_hal_uart.o
                0x08004db4                HAL_UART_Init
 .text.UART_SetConfig
                0x08004e54      0x5f8 ./Drivers/STM32L4xx_HAL_Driver/Src/stm32l4xx_hal_uart.o
                0x08004e54                UART_SetConfig
 .text.UART_AdvFeatureConfig
                0x0800544c      0x144 ./Drivers/STM32L4xx_HAL_Driver/Src/stm32l4xx_hal_uart.o
                0x0800544c                UART_AdvFeatureConfig
 .text.UART_CheckIdleState
                0x08005590      0x154 ./Drivers/STM32L4xx_HAL_Driver/Src/stm32l4xx_hal_uart.o
                0x08005590                UART_CheckIdleState
 .text.UART_WaitOnFlagUntilTimeout
                0x080056e4       0xda ./Drivers/STM32L4xx_HAL_Driver/Src/stm32l4xx_hal_uart.o
                0x080056e4                UART_WaitOnFlagUntilTimeout
 .text.UART_EndRxTransfer
                0x080057be       0xcc ./Drivers/STM32L4xx_HAL_Driver/Src/stm32l4xx_hal_uart.o
 .text.HAL_UARTEx_DisableFifoMode
                0x0800588a       0x72 ./Drivers/STM32L4xx_HAL_Driver/Src/stm32l4xx_hal_uart_ex.o
                0x0800588a                HAL_UARTEx_DisableFifoMode
 .text.HAL_UARTEx_SetTxFifoThreshold
                0x080058fc       0x7c ./Drivers/STM32L4xx_HAL_Driver/Src/stm32l4xx_hal_uart_ex.o
                0x080058fc                HAL_UARTEx_SetTxFifoThreshold
 .text.HAL_UARTEx_SetRxFifoThreshold
                0x08005978       0x7c ./Drivers/STM32L4xx_HAL_Driver/Src/stm32l4xx_hal_uart_ex.o
                0x08005978                HAL_UARTEx_SetRxFifoThreshold
 .text.UARTEx_SetNbDataToProcess
                0x080059f4       0x9c ./Drivers/STM32L4xx_HAL_Driver/Src/stm32l4xx_hal_uart_ex.o
 .text.memset   0x08005a90       0x10 /Applications/STM32CubeIDE.app/Contents/Eclipse/plugins/com.st.stm32cube.ide.mcu.externaltools.gnu-tools-for-stm32.12.3.rel1.macos64_1.0.200.202406191456/tools/bin/../lib/gcc/arm-none-eabi/12.3.1/../../../../arm-none-eabi/lib/thumb/v7e-m+fp/hard/libc_nano.a(libc_a-memset.o)
                0x08005a90                memset
 .text.__libc_init_array
                0x08005aa0       0x48 /Applications/STM32CubeIDE.app/Contents/Eclipse/plugins/com.st.stm32cube.ide.mcu.externaltools.gnu-tools-for-stm32.12.3.rel1.macos64_1.0.200.202406191456/tools/bin/../lib/gcc/arm-none-eabi/12.3.1/../../../../arm-none-eabi/lib/thumb/v7e-m+fp/hard/libc_nano.a(libc_a-init.o)
                0x08005aa0                __libc_init_array
 *(.glue_7)
 .glue_7        0x08005ae8        0x0 linker stubs
 *(.glue_7t)
 .glue_7t       0x08005ae8        0x0 linker stubs
 *(.eh_frame)
 .eh_frame      0x08005ae8        0x0 /Applications/STM32CubeIDE.app/Contents/Eclipse/plugins/com.st.stm32cube.ide.mcu.externaltools.gnu-tools-for-stm32.12.3.rel1.macos64_1.0.200.202406191456/tools/bin/../lib/gcc/arm-none-eabi/12.3.1/thumb/v7e-m+fp/hard/crtbegin.o
 *(.init)
 .init          0x08005ae8        0x4 /Applications/STM32CubeIDE.app/Contents/Eclipse/plugins/com.st.stm32cube.ide.mcu.externaltools.gnu-tools-for-stm32.12.3.rel1.macos64_1.0.200.202406191456/tools/bin/../lib/gcc/arm-none-eabi/12.3.1/thumb/v7e-m+fp/hard/crti.o
                0x08005ae8                _init
 .init          0x08005aec        0x8 /Applications/STM32CubeIDE.app/Contents/Eclipse/plugins/com.st.stm32cube.ide.mcu.externaltools.gnu-tools-for-stm32.12.3.rel1.macos64_1.0.200.202406191456/tools/bin/../lib/gcc/arm-none-eabi/12.3.1/thumb/v7e-m+fp/hard/crtn.o
 *(.fini)
 .fini          0x08005af4        0x4 /Applications/STM32CubeIDE.app/Contents/Eclipse/plugins/com.st.stm32cube.ide.mcu.externaltools.gnu-tools-for-stm32.12.3.rel1.macos64_1.0.200.202406191456/tools/bin/../lib/gcc/arm-none-eabi/12.3.1/thumb/v7e-m+fp/hard/crti.o
                0x08005af4                _fini
 .fini          0x08005af8        0x8 /Applications/STM32CubeIDE.app/Contents/Eclipse/plugins/com.st.stm32cube.ide.mcu.externaltools.gnu-tools-for-stm32.12.3.rel1.macos64_1.0.200.202406191456/tools/bin/../lib/gcc/arm-none-eabi/12.3.1/thumb/v7e-m+fp/hard/crtn.o
                0x08005b00                        . = ALIGN (0x4)
                0x08005b00                        _etext = .

.vfp11_veneer   0x08005b00        0x0
 .vfp11_veneer  0x08005b00        0x0 linker stubs

.v4_bx          0x08005b00        0x0
 .v4_bx         0x08005b00        0x0 linker stubs

.iplt           0x08005b00        0x0
 .iplt          0x08005b00        0x0 /Applications/STM32CubeIDE.app/Contents/Eclipse/plugins/com.st.stm32cube.ide.mcu.externaltools.gnu-tools-for-stm32.12.3.rel1.macos64_1.0.200.202406191456/tools/bin/../lib/gcc/arm-none-eabi/12.3.1/thumb/v7e-m+fp/hard/crtbegin.o

.rodata         0x08005b00       0x70
                0x08005b00                        . = ALIGN (0x4)
 *(.rodata)
 *(.rodata*)
 .rodata.AHBPrescTable
                0x08005b00       0x10 ./Core/Src/system_stm32l4xx.o
                0x08005b00                AHBPrescTable
 .rodata.APBPrescTable
                0x08005b10        0x8 ./Core/Src/system_stm32l4xx.o
                0x08005b10                APBPrescTable
 .rodata.MSIRangeTable
                0x08005b18       0x30 ./Core/Src/system_stm32l4xx.o
                0x08005b18                MSIRangeTable
 .rodata.UARTPrescTable
                0x08005b48       0x18 ./Drivers/STM32L4xx_HAL_Driver/Src/stm32l4xx_hal_uart.o
                0x08005b48                UARTPrescTable
 .rodata.numerator.1
                0x08005b60        0x8 ./Drivers/STM32L4xx_HAL_Driver/Src/stm32l4xx_hal_uart_ex.o
 .rodata.denominator.0
                0x08005b68        0x8 ./Drivers/STM32L4xx_HAL_Driver/Src/stm32l4xx_hal_uart_ex.o
                0x08005b70                        . = ALIGN (0x4)

.ARM.extab      0x08005b70        0x0
                0x08005b70                        . = ALIGN (0x4)
 *(.ARM.extab* .gnu.linkonce.armextab.*)
                0x08005b70                        . = ALIGN (0x4)

.ARM            0x08005b70        0x8
                0x08005b70                        . = ALIGN (0x4)
                0x08005b70                        __exidx_start = .
 *(.ARM.exidx*)
 .ARM.exidx     0x08005b70        0x8 /Applications/STM32CubeIDE.app/Contents/Eclipse/plugins/com.st.stm32cube.ide.mcu.externaltools.gnu-tools-for-stm32.12.3.rel1.macos64_1.0.200.202406191456/tools/bin/../lib/gcc/arm-none-eabi/12.3.1/thumb/v7e-m+fp/hard/libgcc.a(_udivmoddi4.o)
                0x08005b78                        __exidx_end = .
                0x08005b78                        . = ALIGN (0x4)

.preinit_array  0x08005b78        0x0
                0x08005b78                        . = ALIGN (0x4)
                0x08005b78                        PROVIDE (__preinit_array_start = .)
 *(.preinit_array*)
                0x08005b78                        PROVIDE (__preinit_array_end = .)
                0x08005b78                        . = ALIGN (0x4)

.init_array     0x08005b78        0x4
                0x08005b78                        . = ALIGN (0x4)
                0x08005b78                        PROVIDE (__init_array_start = .)
 *(SORT_BY_NAME(.init_array.*))
 *(.init_array*)
 .init_array    0x08005b78        0x4 /Applications/STM32CubeIDE.app/Contents/Eclipse/plugins/com.st.stm32cube.ide.mcu.externaltools.gnu-tools-for-stm32.12.3.rel1.macos64_1.0.200.202406191456/tools/bin/../lib/gcc/arm-none-eabi/12.3.1/thumb/v7e-m+fp/hard/crtbegin.o
                0x08005b7c                        PROVIDE (__init_array_end = .)
                0x08005b7c                        . = ALIGN (0x4)

.fini_array     0x08005b7c        0x4
                0x08005b7c                        . = ALIGN (0x4)
                [!provide]                        PROVIDE (__fini_array_start = .)
 *(SORT_BY_NAME(.fini_array.*))
 *(.fini_array*)
 .fini_array    0x08005b7c        0x4 /Applications/STM32CubeIDE.app/Contents/Eclipse/plugins/com.st.stm32cube.ide.mcu.externaltools.gnu-tools-for-stm32.12.3.rel1.macos64_1.0.200.202406191456/tools/bin/../lib/gcc/arm-none-eabi/12.3.1/thumb/v7e-m+fp/hard/crtbegin.o
                [!provide]                        PROVIDE (__fini_array_end = .)
                0x08005b80                        . = ALIGN (0x4)
                0x08005b80                        _sidata = LOADADDR (.data)

.rel.dyn        0x08005b80        0x0
 .rel.iplt      0x08005b80        0x0 /Applications/STM32CubeIDE.app/Contents/Eclipse/plugins/com.st.stm32cube.ide.mcu.externaltools.gnu-tools-for-stm32.12.3.rel1.macos64_1.0.200.202406191456/tools/bin/../lib/gcc/arm-none-eabi/12.3.1/thumb/v7e-m+fp/hard/crtbegin.o

.data           0x20000000       0x8c load address 0x08005b80
                0x20000000                        . = ALIGN (0x4)
                0x20000000                        _sdata = .
 *(.data)
 *(.data*)
 .data.SystemCoreClock
                0x20000000        0x4 ./Core/Src/system_stm32l4xx.o
                0x20000000                SystemCoreClock
 .data.HTS221_H_Drv
                0x20000004        0xc ./Drivers/Components/hts221/hts221.o
                0x20000004                HTS221_H_Drv
 .data.Lis3mdlMagDrv
                0x20000010       0x34 ./Drivers/Components/lis3mdl/lis3mdl.o
                0x20000010                Lis3mdlMagDrv
 .data.LPS22HB_P_Drv
                0x20000044        0xc ./Drivers/Components/lps22hb/lps22hb.o
                0x20000044                LPS22HB_P_Drv
 .data.Lsm6dslAccDrv
                0x20000050       0x34 ./Drivers/Components/lsm6dsl/lsm6dsl.o
                0x20000050                Lsm6dslAccDrv
 .data.uwTickPrio
                0x20000084        0x4 ./Drivers/STM32L4xx_HAL_Driver/Src/stm32l4xx_hal.o
                0x20000084                uwTickPrio
 .data.uwTickFreq
                0x20000088        0x1 ./Drivers/STM32L4xx_HAL_Driver/Src/stm32l4xx_hal.o
                0x20000088                uwTickFreq
 *(.RamFunc)
 *(.RamFunc*)
                0x2000008c                        . = ALIGN (0x4)
 *fill*         0x20000089        0x3 
                0x2000008c                        _edata = .

.igot.plt       0x2000008c        0x0 load address 0x08005c0c
 .igot.plt      0x2000008c        0x0 /Applications/STM32CubeIDE.app/Contents/Eclipse/plugins/com.st.stm32cube.ide.mcu.externaltools.gnu-tools-for-stm32.12.3.rel1.macos64_1.0.200.202406191456/tools/bin/../lib/gcc/arm-none-eabi/12.3.1/thumb/v7e-m+fp/hard/crtbegin.o
                0x2000008c                        . = ALIGN (0x4)

.bss            0x2000008c      0x1d0 load address 0x08005c0c
                0x2000008c                        _sbss = .
                0x2000008c                        __bss_start__ = _sbss
 *(.bss)
 .bss           0x2000008c       0x1c /Applications/STM32CubeIDE.app/Contents/Eclipse/plugins/com.st.stm32cube.ide.mcu.externaltools.gnu-tools-for-stm32.12.3.rel1.macos64_1.0.200.202406191456/tools/bin/../lib/gcc/arm-none-eabi/12.3.1/thumb/v7e-m+fp/hard/crtbegin.o
 *(.bss*)
 .bss.hi2c2     0x200000a8       0x54 ./Core/Src/main.o
                0x200000a8                hi2c2
 .bss.htim2     0x200000fc       0x4c ./Core/Src/main.o
                0x200000fc                htim2
 .bss.huart1    0x20000148       0x94 ./Core/Src/main.o
                0x20000148                huart1
 .bss.humidity  0x200001dc        0x4 ./Core/Src/main.o
                0x200001dc                humidity
 .bss.magneticfield
                0x200001e0        0x6 ./Core/Src/main.o
                0x200001e0                magneticfield
 *fill*         0x200001e6        0x2 
 .bss.acceleration
                0x200001e8        0x6 ./Core/Src/main.o
                0x200001e8                acceleration
 *fill*         0x200001ee        0x2 
 .bss.pressure  0x200001f0        0x4 ./Core/Src/main.o
                0x200001f0                pressure
 .bss.hI2cHandler
                0x200001f4       0x54 ./Core/Src/stm32l4s5i_iot01.o
                0x200001f4                hI2cHandler
 .bss.AccelerometerDrv
                0x20000248        0x4 ./Core/Src/stm32l4s5i_iot01_accelero.o
 .bss.Hsensor_drv
                0x2000024c        0x4 ./Core/Src/stm32l4s5i_iot01_hsensor.o
 .bss.MagnetoDrv
                0x20000250        0x4 ./Core/Src/stm32l4s5i_iot01_magneto.o
 .bss.Psensor_drv
                0x20000254        0x4 ./Core/Src/stm32l4s5i_iot01_psensor.o
 .bss.uwTick    0x20000258        0x4 ./Drivers/STM32L4xx_HAL_Driver/Src/stm32l4xx_hal.o
                0x20000258                uwTick
 *(COMMON)
                0x2000025c                        . = ALIGN (0x4)
                0x2000025c                        _ebss = .
                0x2000025c                        __bss_end__ = _ebss

._user_heap_stack
                0x2000025c      0x604 load address 0x08005c0c
                0x20000260                        . = ALIGN (0x8)
 *fill*         0x2000025c        0x4 
                [!provide]                        PROVIDE (end = .)
                0x20000260                        PROVIDE (_end = .)
                0x20000460                        . = (. + _Min_Heap_Size)
 *fill*         0x20000260      0x200 
                0x20000860                        . = (. + _Min_Stack_Size)
 *fill*         0x20000460      0x400 
                0x20000860                        . = ALIGN (0x8)

/DISCARD/
 libc.a(*)
 libm.a(*)
 libgcc.a(*)

.ARM.attributes
                0x00000000       0x30
 *(.ARM.attributes)
 .ARM.attributes
                0x00000000       0x22 /Applications/STM32CubeIDE.app/Contents/Eclipse/plugins/com.st.stm32cube.ide.mcu.externaltools.gnu-tools-for-stm32.12.3.rel1.macos64_1.0.200.202406191456/tools/bin/../lib/gcc/arm-none-eabi/12.3.1/thumb/v7e-m+fp/hard/crti.o
 .ARM.attributes
                0x00000022       0x34 /Applications/STM32CubeIDE.app/Contents/Eclipse/plugins/com.st.stm32cube.ide.mcu.externaltools.gnu-tools-for-stm32.12.3.rel1.macos64_1.0.200.202406191456/tools/bin/../lib/gcc/arm-none-eabi/12.3.1/thumb/v7e-m+fp/hard/crtbegin.o
 .ARM.attributes
                0x00000056       0x34 ./Core/Src/main.o
 .ARM.attributes
                0x0000008a       0x34 ./Core/Src/stm32l4s5i_iot01.o
 .ARM.attributes
                0x000000be       0x34 ./Core/Src/stm32l4s5i_iot01_accelero.o
 .ARM.attributes
                0x000000f2       0x34 ./Core/Src/stm32l4s5i_iot01_hsensor.o
 .ARM.attributes
                0x00000126       0x34 ./Core/Src/stm32l4s5i_iot01_magneto.o
 .ARM.attributes
                0x0000015a       0x34 ./Core/Src/stm32l4s5i_iot01_psensor.o
 .ARM.attributes
                0x0000018e       0x34 ./Core/Src/stm32l4xx_hal_msp.o
 .ARM.attributes
                0x000001c2       0x34 ./Core/Src/stm32l4xx_it.o
 .ARM.attributes
                0x000001f6       0x34 ./Core/Src/system_stm32l4xx.o
 .ARM.attributes
                0x0000022a       0x21 ./Core/Startup/startup_stm32l4s5vitx.o
 .ARM.attributes
                0x0000024b       0x34 ./Drivers/Components/hts221/hts221.o
 .ARM.attributes
                0x0000027f       0x34 ./Drivers/Components/lis3mdl/lis3mdl.o
 .ARM.attributes
                0x000002b3       0x34 ./Drivers/Components/lps22hb/lps22hb.o
 .ARM.attributes
                0x000002e7       0x34 ./Drivers/Components/lsm6dsl/lsm6dsl.o
 .ARM.attributes
                0x0000031b       0x34 ./Drivers/STM32L4xx_HAL_Driver/Src/stm32l4xx_hal.o
 .ARM.attributes
                0x0000034f       0x34 ./Drivers/STM32L4xx_HAL_Driver/Src/stm32l4xx_hal_cortex.o
 .ARM.attributes
                0x00000383       0x34 ./Drivers/STM32L4xx_HAL_Driver/Src/stm32l4xx_hal_gpio.o
 .ARM.attributes
                0x000003b7       0x34 ./Drivers/STM32L4xx_HAL_Driver/Src/stm32l4xx_hal_i2c.o
 .ARM.attributes
                0x000003eb       0x34 ./Drivers/STM32L4xx_HAL_Driver/Src/stm32l4xx_hal_i2c_ex.o
 .ARM.attributes
                0x0000041f       0x34 ./Drivers/STM32L4xx_HAL_Driver/Src/stm32l4xx_hal_pwr_ex.o
 .ARM.attributes
                0x00000453       0x34 ./Drivers/STM32L4xx_HAL_Driver/Src/stm32l4xx_hal_rcc.o
 .ARM.attributes
                0x00000487       0x34 ./Drivers/STM32L4xx_HAL_Driver/Src/stm32l4xx_hal_rcc_ex.o
 .ARM.attributes
                0x000004bb       0x34 ./Drivers/STM32L4xx_HAL_Driver/Src/stm32l4xx_hal_tim.o
 .ARM.attributes
                0x000004ef       0x34 ./Drivers/STM32L4xx_HAL_Driver/Src/stm32l4xx_hal_tim_ex.o
 .ARM.attributes
                0x00000523       0x34 ./Drivers/STM32L4xx_HAL_Driver/Src/stm32l4xx_hal_uart.o
 .ARM.attributes
                0x00000557       0x34 ./Drivers/STM32L4xx_HAL_Driver/Src/stm32l4xx_hal_uart_ex.o
 .ARM.attributes
                0x0000058b       0x34 /Applications/STM32CubeIDE.app/Contents/Eclipse/plugins/com.st.stm32cube.ide.mcu.externaltools.gnu-tools-for-stm32.12.3.rel1.macos64_1.0.200.202406191456/tools/bin/../lib/gcc/arm-none-eabi/12.3.1/../../../../arm-none-eabi/lib/thumb/v7e-m+fp/hard/libc_nano.a(libc_a-memset.o)
 .ARM.attributes
                0x000005bf       0x34 /Applications/STM32CubeIDE.app/Contents/Eclipse/plugins/com.st.stm32cube.ide.mcu.externaltools.gnu-tools-for-stm32.12.3.rel1.macos64_1.0.200.202406191456/tools/bin/../lib/gcc/arm-none-eabi/12.3.1/../../../../arm-none-eabi/lib/thumb/v7e-m+fp/hard/libc_nano.a(libc_a-init.o)
 .ARM.attributes
                0x000005f3       0x22 /Applications/STM32CubeIDE.app/Contents/Eclipse/plugins/com.st.stm32cube.ide.mcu.externaltools.gnu-tools-for-stm32.12.3.rel1.macos64_1.0.200.202406191456/tools/bin/../lib/gcc/arm-none-eabi/12.3.1/thumb/v7e-m+fp/hard/libgcc.a(_aeabi_uldivmod.o)
 .ARM.attributes
                0x00000615       0x34 /Applications/STM32CubeIDE.app/Contents/Eclipse/plugins/com.st.stm32cube.ide.mcu.externaltools.gnu-tools-for-stm32.12.3.rel1.macos64_1.0.200.202406191456/tools/bin/../lib/gcc/arm-none-eabi/12.3.1/thumb/v7e-m+fp/hard/libgcc.a(_udivmoddi4.o)
 .ARM.attributes
                0x00000649       0x22 /Applications/STM32CubeIDE.app/Contents/Eclipse/plugins/com.st.stm32cube.ide.mcu.externaltools.gnu-tools-for-stm32.12.3.rel1.macos64_1.0.200.202406191456/tools/bin/../lib/gcc/arm-none-eabi/12.3.1/thumb/v7e-m+fp/hard/libgcc.a(_dvmd_tls.o)
 .ARM.attributes
                0x0000066b       0x22 /Applications/STM32CubeIDE.app/Contents/Eclipse/plugins/com.st.stm32cube.ide.mcu.externaltools.gnu-tools-for-stm32.12.3.rel1.macos64_1.0.200.202406191456/tools/bin/../lib/gcc/arm-none-eabi/12.3.1/thumb/v7e-m+fp/hard/crtn.o
OUTPUT(UART-Sensors-OS-STM32.elf elf32-littlearm)
LOAD linker stubs
LOAD /Applications/STM32CubeIDE.app/Contents/Eclipse/plugins/com.st.stm32cube.ide.mcu.externaltools.gnu-tools-for-stm32.12.3.rel1.macos64_1.0.200.202406191456/tools/bin/../lib/gcc/arm-none-eabi/12.3.1/../../../../arm-none-eabi/lib/thumb/v7e-m+fp/hard/libc.a
LOAD /Applications/STM32CubeIDE.app/Contents/Eclipse/plugins/com.st.stm32cube.ide.mcu.externaltools.gnu-tools-for-stm32.12.3.rel1.macos64_1.0.200.202406191456/tools/bin/../lib/gcc/arm-none-eabi/12.3.1/../../../../arm-none-eabi/lib/thumb/v7e-m+fp/hard/libm.a
LOAD /Applications/STM32CubeIDE.app/Contents/Eclipse/plugins/com.st.stm32cube.ide.mcu.externaltools.gnu-tools-for-stm32.12.3.rel1.macos64_1.0.200.202406191456/tools/bin/../lib/gcc/arm-none-eabi/12.3.1/thumb/v7e-m+fp/hard/libgcc.a

.debug_info     0x00000000    0x18990
 .debug_info    0x00000000     0x16f9 ./Core/Src/main.o
 .debug_info    0x000016f9     0x1cf8 ./Core/Src/stm32l4s5i_iot01.o
 .debug_info    0x000033f1      0x32e ./Core/Src/stm32l4s5i_iot01_accelero.o
 .debug_info    0x0000371f      0x1c5 ./Core/Src/stm32l4s5i_iot01_hsensor.o
 .debug_info    0x000038e4      0x304 ./Core/Src/stm32l4s5i_iot01_magneto.o
 .debug_info    0x00003be8      0x1c5 ./Core/Src/stm32l4s5i_iot01_psensor.o
 .debug_info    0x00003dad     0x18dc ./Core/Src/stm32l4xx_hal_msp.o
 .debug_info    0x00005689      0x82d ./Core/Src/stm32l4xx_it.o
 .debug_info    0x00005eb6      0x5e9 ./Core/Src/system_stm32l4xx.o
 .debug_info    0x0000649f       0x30 ./Core/Startup/startup_stm32l4s5vitx.o
 .debug_info    0x000064cf      0x4de ./Drivers/Components/hts221/hts221.o
 .debug_info    0x000069ad      0x3bb ./Drivers/Components/lis3mdl/lis3mdl.o
 .debug_info    0x00006d68      0x45f ./Drivers/Components/lps22hb/lps22hb.o
 .debug_info    0x000071c7      0x5b9 ./Drivers/Components/lsm6dsl/lsm6dsl.o
 .debug_info    0x00007780      0xb4f ./Drivers/STM32L4xx_HAL_Driver/Src/stm32l4xx_hal.o
 .debug_info    0x000082cf      0xd9f ./Drivers/STM32L4xx_HAL_Driver/Src/stm32l4xx_hal_cortex.o
 .debug_info    0x0000906e      0x787 ./Drivers/STM32L4xx_HAL_Driver/Src/stm32l4xx_hal_gpio.o
 .debug_info    0x000097f5     0x21ea ./Drivers/STM32L4xx_HAL_Driver/Src/stm32l4xx_hal_i2c.o
 .debug_info    0x0000b9df      0xafd ./Drivers/STM32L4xx_HAL_Driver/Src/stm32l4xx_hal_i2c_ex.o
 .debug_info    0x0000c4dc      0xa0a ./Drivers/STM32L4xx_HAL_Driver/Src/stm32l4xx_hal_pwr_ex.o
 .debug_info    0x0000cee6      0xd32 ./Drivers/STM32L4xx_HAL_Driver/Src/stm32l4xx_hal_rcc.o
 .debug_info    0x0000dc18     0x1167 ./Drivers/STM32L4xx_HAL_Driver/Src/stm32l4xx_hal_rcc_ex.o
 .debug_info    0x0000ed7f     0x2bc0 ./Drivers/STM32L4xx_HAL_Driver/Src/stm32l4xx_hal_tim.o
 .debug_info    0x0001193f     0x17c4 ./Drivers/STM32L4xx_HAL_Driver/Src/stm32l4xx_hal_tim_ex.o
 .debug_info    0x00013103     0x4875 ./Drivers/STM32L4xx_HAL_Driver/Src/stm32l4xx_hal_uart.o
 .debug_info    0x00017978     0x1018 ./Drivers/STM32L4xx_HAL_Driver/Src/stm32l4xx_hal_uart_ex.o

.debug_abbrev   0x00000000     0x342d
 .debug_abbrev  0x00000000      0x321 ./Core/Src/main.o
 .debug_abbrev  0x00000321      0x317 ./Core/Src/stm32l4s5i_iot01.o
 .debug_abbrev  0x00000638      0x148 ./Core/Src/stm32l4s5i_iot01_accelero.o
 .debug_abbrev  0x00000780      0x10a ./Core/Src/stm32l4s5i_iot01_hsensor.o
 .debug_abbrev  0x0000088a      0x148 ./Core/Src/stm32l4s5i_iot01_magneto.o
 .debug_abbrev  0x000009d2      0x10a ./Core/Src/stm32l4s5i_iot01_psensor.o
 .debug_abbrev  0x00000adc      0x224 ./Core/Src/stm32l4xx_hal_msp.o
 .debug_abbrev  0x00000d00      0x191 ./Core/Src/stm32l4xx_it.o
 .debug_abbrev  0x00000e91      0x11a ./Core/Src/system_stm32l4xx.o
 .debug_abbrev  0x00000fab       0x24 ./Core/Startup/startup_stm32l4s5vitx.o
 .debug_abbrev  0x00000fcf      0x182 ./Drivers/Components/hts221/hts221.o
 .debug_abbrev  0x00001151      0x18e ./Drivers/Components/lis3mdl/lis3mdl.o
 .debug_abbrev  0x000012df      0x19a ./Drivers/Components/lps22hb/lps22hb.o
 .debug_abbrev  0x00001479      0x1fe ./Drivers/Components/lsm6dsl/lsm6dsl.o
 .debug_abbrev  0x00001677      0x242 ./Drivers/STM32L4xx_HAL_Driver/Src/stm32l4xx_hal.o
 .debug_abbrev  0x000018b9      0x31c ./Drivers/STM32L4xx_HAL_Driver/Src/stm32l4xx_hal_cortex.o
 .debug_abbrev  0x00001bd5      0x1cb ./Drivers/STM32L4xx_HAL_Driver/Src/stm32l4xx_hal_gpio.o
 .debug_abbrev  0x00001da0      0x25e ./Drivers/STM32L4xx_HAL_Driver/Src/stm32l4xx_hal_i2c.o
 .debug_abbrev  0x00001ffe      0x1c0 ./Drivers/STM32L4xx_HAL_Driver/Src/stm32l4xx_hal_i2c_ex.o
 .debug_abbrev  0x000021be      0x1f9 ./Drivers/STM32L4xx_HAL_Driver/Src/stm32l4xx_hal_pwr_ex.o
 .debug_abbrev  0x000023b7      0x306 ./Drivers/STM32L4xx_HAL_Driver/Src/stm32l4xx_hal_rcc.o
 .debug_abbrev  0x000026bd      0x2a3 ./Drivers/STM32L4xx_HAL_Driver/Src/stm32l4xx_hal_rcc_ex.o
 .debug_abbrev  0x00002960      0x276 ./Drivers/STM32L4xx_HAL_Driver/Src/stm32l4xx_hal_tim.o
 .debug_abbrev  0x00002bd6      0x281 ./Drivers/STM32L4xx_HAL_Driver/Src/stm32l4xx_hal_tim_ex.o
 .debug_abbrev  0x00002e57      0x304 ./Drivers/STM32L4xx_HAL_Driver/Src/stm32l4xx_hal_uart.o
 .debug_abbrev  0x0000315b      0x2d2 ./Drivers/STM32L4xx_HAL_Driver/Src/stm32l4xx_hal_uart_ex.o

.debug_aranges  0x00000000     0x1580
 .debug_aranges
                0x00000000       0x58 ./Core/Src/main.o
 .debug_aranges
                0x00000058      0x120 ./Core/Src/stm32l4s5i_iot01.o
 .debug_aranges
                0x00000178       0x38 ./Core/Src/stm32l4s5i_iot01_accelero.o
 .debug_aranges
                0x000001b0       0x30 ./Core/Src/stm32l4s5i_iot01_hsensor.o
 .debug_aranges
                0x000001e0       0x38 ./Core/Src/stm32l4s5i_iot01_magneto.o
 .debug_aranges
                0x00000218       0x30 ./Core/Src/stm32l4s5i_iot01_psensor.o
 .debug_aranges
                0x00000248       0x50 ./Core/Src/stm32l4xx_hal_msp.o
 .debug_aranges
                0x00000298       0x68 ./Core/Src/stm32l4xx_it.o
 .debug_aranges
                0x00000300       0x28 ./Core/Src/system_stm32l4xx.o
 .debug_aranges
                0x00000328       0x28 ./Core/Startup/startup_stm32l4s5vitx.o
 .debug_aranges
                0x00000350       0x40 ./Drivers/Components/hts221/hts221.o
 .debug_aranges
                0x00000390       0x40 ./Drivers/Components/lis3mdl/lis3mdl.o
 .debug_aranges
                0x000003d0       0x48 ./Drivers/Components/lps22hb/lps22hb.o
 .debug_aranges
                0x00000418       0x68 ./Drivers/Components/lsm6dsl/lsm6dsl.o
 .debug_aranges
                0x00000480      0x130 ./Drivers/STM32L4xx_HAL_Driver/Src/stm32l4xx_hal.o
 .debug_aranges
                0x000005b0      0x128 ./Drivers/STM32L4xx_HAL_Driver/Src/stm32l4xx_hal_cortex.o
 .debug_aranges
                0x000006d8       0x58 ./Drivers/STM32L4xx_HAL_Driver/Src/stm32l4xx_hal_gpio.o
 .debug_aranges
                0x00000730      0x2a0 ./Drivers/STM32L4xx_HAL_Driver/Src/stm32l4xx_hal_i2c.o
 .debug_aranges
                0x000009d0       0x48 ./Drivers/STM32L4xx_HAL_Driver/Src/stm32l4xx_hal_i2c_ex.o
 .debug_aranges
                0x00000a18      0x170 ./Drivers/STM32L4xx_HAL_Driver/Src/stm32l4xx_hal_pwr_ex.o
 .debug_aranges
                0x00000b88       0x98 ./Drivers/STM32L4xx_HAL_Driver/Src/stm32l4xx_hal_rcc.o
 .debug_aranges
                0x00000c20      0x110 ./Drivers/STM32L4xx_HAL_Driver/Src/stm32l4xx_hal_rcc_ex.o
 .debug_aranges
                0x00000d30      0x3e0 ./Drivers/STM32L4xx_HAL_Driver/Src/stm32l4xx_hal_tim.o
 .debug_aranges
                0x00001110      0x180 ./Drivers/STM32L4xx_HAL_Driver/Src/stm32l4xx_hal_tim_ex.o
 .debug_aranges
                0x00001290      0x248 ./Drivers/STM32L4xx_HAL_Driver/Src/stm32l4xx_hal_uart.o
 .debug_aranges
                0x000014d8       0xa8 ./Drivers/STM32L4xx_HAL_Driver/Src/stm32l4xx_hal_uart_ex.o

.debug_rnglists
                0x00000000     0x10b7
 .debug_rnglists
                0x00000000       0x41 ./Core/Src/main.o
 .debug_rnglists
                0x00000041       0xd6 ./Core/Src/stm32l4s5i_iot01.o
 .debug_rnglists
                0x00000117       0x25 ./Core/Src/stm32l4s5i_iot01_accelero.o
 .debug_rnglists
                0x0000013c       0x1f ./Core/Src/stm32l4s5i_iot01_hsensor.o
 .debug_rnglists
                0x0000015b       0x25 ./Core/Src/stm32l4s5i_iot01_magneto.o
 .debug_rnglists
                0x00000180       0x1f ./Core/Src/stm32l4s5i_iot01_psensor.o
 .debug_rnglists
                0x0000019f       0x39 ./Core/Src/stm32l4xx_hal_msp.o
 .debug_rnglists
                0x000001d8       0x49 ./Core/Src/stm32l4xx_it.o
 .debug_rnglists
                0x00000221       0x1a ./Core/Src/system_stm32l4xx.o
 .debug_rnglists
                0x0000023b       0x19 ./Core/Startup/startup_stm32l4s5vitx.o
 .debug_rnglists
                0x00000254       0x2d ./Drivers/Components/hts221/hts221.o
 .debug_rnglists
                0x00000281       0x2c ./Drivers/Components/lis3mdl/lis3mdl.o
 .debug_rnglists
                0x000002ad       0x33 ./Drivers/Components/lps22hb/lps22hb.o
 .debug_rnglists
                0x000002e0       0x4b ./Drivers/Components/lsm6dsl/lsm6dsl.o
 .debug_rnglists
                0x0000032b       0xdf ./Drivers/STM32L4xx_HAL_Driver/Src/stm32l4xx_hal.o
 .debug_rnglists
                0x0000040a       0xda ./Drivers/STM32L4xx_HAL_Driver/Src/stm32l4xx_hal_cortex.o
 .debug_rnglists
                0x000004e4       0x3f ./Drivers/STM32L4xx_HAL_Driver/Src/stm32l4xx_hal_gpio.o
 .debug_rnglists
                0x00000523      0x228 ./Drivers/STM32L4xx_HAL_Driver/Src/stm32l4xx_hal_i2c.o
 .debug_rnglists
                0x0000074b       0x35 ./Drivers/STM32L4xx_HAL_Driver/Src/stm32l4xx_hal_i2c_ex.o
 .debug_rnglists
                0x00000780      0x115 ./Drivers/STM32L4xx_HAL_Driver/Src/stm32l4xx_hal_pwr_ex.o
 .debug_rnglists
                0x00000895       0x74 ./Drivers/STM32L4xx_HAL_Driver/Src/stm32l4xx_hal_rcc.o
 .debug_rnglists
                0x00000909       0xd4 ./Drivers/STM32L4xx_HAL_Driver/Src/stm32l4xx_hal_rcc_ex.o
 .debug_rnglists
                0x000009dd      0x328 ./Drivers/STM32L4xx_HAL_Driver/Src/stm32l4xx_hal_tim.o
 .debug_rnglists
                0x00000d05      0x139 ./Drivers/STM32L4xx_HAL_Driver/Src/stm32l4xx_hal_tim_ex.o
 .debug_rnglists
                0x00000e3e      0x1fa ./Drivers/STM32L4xx_HAL_Driver/Src/stm32l4xx_hal_uart.o
 .debug_rnglists
                0x00001038       0x7f ./Drivers/STM32L4xx_HAL_Driver/Src/stm32l4xx_hal_uart_ex.o

.debug_macro    0x00000000    0x2cc49
 .debug_macro   0x00000000      0x2f9 ./Core/Src/main.o
 .debug_macro   0x000002f9      0xab4 ./Core/Src/main.o
 .debug_macro   0x00000dad      0x1ad ./Core/Src/main.o
 .debug_macro   0x00000f5a       0x2e ./Core/Src/main.o
 .debug_macro   0x00000f88       0x28 ./Core/Src/main.o
 .debug_macro   0x00000fb0       0x22 ./Core/Src/main.o
 .debug_macro   0x00000fd2       0x8e ./Core/Src/main.o
 .debug_macro   0x00001060       0x51 ./Core/Src/main.o
 .debug_macro   0x000010b1      0x103 ./Core/Src/main.o
 .debug_macro   0x000011b4       0x6a ./Core/Src/main.o
 .debug_macro   0x0000121e      0x1df ./Core/Src/main.o
 .debug_macro   0x000013fd       0x1c ./Core/Src/main.o
 .debug_macro   0x00001419       0x22 ./Core/Src/main.o
 .debug_macro   0x0000143b       0xfb ./Core/Src/main.o
 .debug_macro   0x00001536     0x1011 ./Core/Src/main.o
 .debug_macro   0x00002547      0x11f ./Core/Src/main.o
 .debug_macro   0x00002666    0x1d292 ./Core/Src/main.o
 .debug_macro   0x0001f8f8       0x6d ./Core/Src/main.o
 .debug_macro   0x0001f965     0x3902 ./Core/Src/main.o
 .debug_macro   0x00023267      0x189 ./Core/Src/main.o
 .debug_macro   0x000233f0       0x5c ./Core/Src/main.o
 .debug_macro   0x0002344c     0x1910 ./Core/Src/main.o
 .debug_macro   0x00024d5c      0x7dc ./Core/Src/main.o
 .debug_macro   0x00025538      0x1b9 ./Core/Src/main.o
 .debug_macro   0x000256f1      0x225 ./Core/Src/main.o
 .debug_macro   0x00025916      0x486 ./Core/Src/main.o
 .debug_macro   0x00025d9c      0x1ce ./Core/Src/main.o
 .debug_macro   0x00025f6a       0x43 ./Core/Src/main.o
 .debug_macro   0x00025fad      0x23d ./Core/Src/main.o
 .debug_macro   0x000261ea      0x241 ./Core/Src/main.o
 .debug_macro   0x0002642b      0x416 ./Core/Src/main.o
 .debug_macro   0x00026841       0x1c ./Core/Src/main.o
 .debug_macro   0x0002685d       0xf2 ./Core/Src/main.o
 .debug_macro   0x0002694f      0x22c ./Core/Src/main.o
 .debug_macro   0x00026b7b       0x61 ./Core/Src/main.o
 .debug_macro   0x00026bdc       0xa5 ./Core/Src/main.o
 .debug_macro   0x00026c81      0x122 ./Core/Src/main.o
 .debug_macro   0x00026da3      0x3f6 ./Core/Src/main.o
 .debug_macro   0x00027199      0xa98 ./Core/Src/main.o
 .debug_macro   0x00027c31      0x196 ./Core/Src/main.o
 .debug_macro   0x00027dc7      0x693 ./Core/Src/main.o
 .debug_macro   0x0002845a       0xa6 ./Core/Src/main.o
 .debug_macro   0x00028500      0x432 ./Core/Src/main.o
 .debug_macro   0x00028932       0x61 ./Core/Src/main.o
 .debug_macro   0x00028993       0x2a ./Core/Src/main.o
 .debug_macro   0x000289bd       0x43 ./Core/Src/main.o
 .debug_macro   0x00028a00       0x34 ./Core/Src/main.o
 .debug_macro   0x00028a34       0x16 ./Core/Src/main.o
 .debug_macro   0x00028a4a       0x43 ./Core/Src/main.o
 .debug_macro   0x00028a8d       0x34 ./Core/Src/main.o
 .debug_macro   0x00028ac1       0x10 ./Core/Src/main.o
 .debug_macro   0x00028ad1       0x58 ./Core/Src/main.o
 .debug_macro   0x00028b29       0x8e ./Core/Src/main.o
 .debug_macro   0x00028bb7       0x1c ./Core/Src/main.o
 .debug_macro   0x00028bd3      0x177 ./Core/Src/main.o
 .debug_macro   0x00028d4a      0x369 ./Core/Src/main.o
 .debug_macro   0x000290b3       0x10 ./Core/Src/main.o
 .debug_macro   0x000290c3       0x35 ./Core/Src/main.o
 .debug_macro   0x000290f8       0x20 ./Core/Src/main.o
 .debug_macro   0x00029118      0x19b ./Core/Src/main.o
 .debug_macro   0x000292b3      0x201 ./Core/Src/main.o
 .debug_macro   0x000294b4       0xc8 ./Core/Src/main.o
 .debug_macro   0x0002957c      0x214 ./Core/Src/stm32l4s5i_iot01.o
 .debug_macro   0x00029790      0x1cf ./Core/Src/stm32l4s5i_iot01.o
 .debug_macro   0x0002995f      0x223 ./Core/Src/stm32l4s5i_iot01_accelero.o
 .debug_macro   0x00029b82      0x428 ./Core/Src/stm32l4s5i_iot01_accelero.o
 .debug_macro   0x00029faa      0x223 ./Core/Src/stm32l4s5i_iot01_hsensor.o
 .debug_macro   0x0002a1cd      0x15f ./Core/Src/stm32l4s5i_iot01_hsensor.o
 .debug_macro   0x0002a32c      0x219 ./Core/Src/stm32l4s5i_iot01_magneto.o
 .debug_macro   0x0002a545      0x1aa ./Core/Src/stm32l4s5i_iot01_magneto.o
 .debug_macro   0x0002a6ef      0x223 ./Core/Src/stm32l4s5i_iot01_psensor.o
 .debug_macro   0x0002a912      0x287 ./Core/Src/stm32l4s5i_iot01_psensor.o
 .debug_macro   0x0002ab99      0x1f1 ./Core/Src/stm32l4xx_hal_msp.o
 .debug_macro   0x0002ad8a      0x1fb ./Core/Src/stm32l4xx_it.o
 .debug_macro   0x0002af85      0x1e7 ./Core/Src/system_stm32l4xx.o
 .debug_macro   0x0002b16c       0x86 ./Drivers/Components/hts221/hts221.o
 .debug_macro   0x0002b1f2       0x7c ./Drivers/Components/lis3mdl/lis3mdl.o
 .debug_macro   0x0002b26e       0x86 ./Drivers/Components/lps22hb/lps22hb.o
 .debug_macro   0x0002b2f4       0x86 ./Drivers/Components/lsm6dsl/lsm6dsl.o
 .debug_macro   0x0002b37a      0x235 ./Drivers/STM32L4xx_HAL_Driver/Src/stm32l4xx_hal.o
 .debug_macro   0x0002b5af      0x1e7 ./Drivers/STM32L4xx_HAL_Driver/Src/stm32l4xx_hal_cortex.o
 .debug_macro   0x0002b796      0x1ee ./Drivers/STM32L4xx_HAL_Driver/Src/stm32l4xx_hal_gpio.o
 .debug_macro   0x0002b984      0x2b3 ./Drivers/STM32L4xx_HAL_Driver/Src/stm32l4xx_hal_i2c.o
 .debug_macro   0x0002bc37      0x1e7 ./Drivers/STM32L4xx_HAL_Driver/Src/stm32l4xx_hal_i2c_ex.o
 .debug_macro   0x0002be1e      0x211 ./Drivers/STM32L4xx_HAL_Driver/Src/stm32l4xx_hal_pwr_ex.o
 .debug_macro   0x0002c02f      0x229 ./Drivers/STM32L4xx_HAL_Driver/Src/stm32l4xx_hal_rcc.o
 .debug_macro   0x0002c258      0x21d ./Drivers/STM32L4xx_HAL_Driver/Src/stm32l4xx_hal_rcc_ex.o
 .debug_macro   0x0002c475      0x1e8 ./Drivers/STM32L4xx_HAL_Driver/Src/stm32l4xx_hal_tim.o
 .debug_macro   0x0002c65d      0x1e7 ./Drivers/STM32L4xx_HAL_Driver/Src/stm32l4xx_hal_tim_ex.o
 .debug_macro   0x0002c844      0x212 ./Drivers/STM32L4xx_HAL_Driver/Src/stm32l4xx_hal_uart.o
 .debug_macro   0x0002ca56      0x1f3 ./Drivers/STM32L4xx_HAL_Driver/Src/stm32l4xx_hal_uart_ex.o

.debug_line     0x00000000    0x1abe5
 .debug_line    0x00000000      0xa76 ./Core/Src/main.o
 .debug_line    0x00000a76      0xbd6 ./Core/Src/stm32l4s5i_iot01.o
 .debug_line    0x0000164c      0x92f ./Core/Src/stm32l4s5i_iot01_accelero.o
 .debug_line    0x00001f7b      0x8c3 ./Core/Src/stm32l4s5i_iot01_hsensor.o
 .debug_line    0x0000283e      0x8ff ./Core/Src/stm32l4s5i_iot01_magneto.o
 .debug_line    0x0000313d      0x8c6 ./Core/Src/stm32l4s5i_iot01_psensor.o
 .debug_line    0x00003a03      0x82c ./Core/Src/stm32l4xx_hal_msp.o
 .debug_line    0x0000422f      0x80a ./Core/Src/stm32l4xx_it.o
 .debug_line    0x00004a39      0x7ca ./Core/Src/system_stm32l4xx.o
 .debug_line    0x00005203       0x7a ./Core/Startup/startup_stm32l4s5vitx.o
 .debug_line    0x0000527d      0x56f ./Drivers/Components/hts221/hts221.o
 .debug_line    0x000057ec      0x537 ./Drivers/Components/lis3mdl/lis3mdl.o
 .debug_line    0x00005d23      0x55e ./Drivers/Components/lps22hb/lps22hb.o
 .debug_line    0x00006281      0x6c5 ./Drivers/Components/lsm6dsl/lsm6dsl.o
 .debug_line    0x00006946      0xb25 ./Drivers/STM32L4xx_HAL_Driver/Src/stm32l4xx_hal.o
 .debug_line    0x0000746b      0xcee ./Drivers/STM32L4xx_HAL_Driver/Src/stm32l4xx_hal_cortex.o
 .debug_line    0x00008159      0xb99 ./Drivers/STM32L4xx_HAL_Driver/Src/stm32l4xx_hal_gpio.o
 .debug_line    0x00008cf2     0x3a58 ./Drivers/STM32L4xx_HAL_Driver/Src/stm32l4xx_hal_i2c.o
 .debug_line    0x0000c74a      0x94d ./Drivers/STM32L4xx_HAL_Driver/Src/stm32l4xx_hal_i2c_ex.o
 .debug_line    0x0000d097      0xd8c ./Drivers/STM32L4xx_HAL_Driver/Src/stm32l4xx_hal_pwr_ex.o
 .debug_line    0x0000de23     0x1076 ./Drivers/STM32L4xx_HAL_Driver/Src/stm32l4xx_hal_rcc.o
 .debug_line    0x0000ee99     0x1987 ./Drivers/STM32L4xx_HAL_Driver/Src/stm32l4xx_hal_rcc_ex.o
 .debug_line    0x00010820     0x3e34 ./Drivers/STM32L4xx_HAL_Driver/Src/stm32l4xx_hal_tim.o
 .debug_line    0x00014654     0x1c1e ./Drivers/STM32L4xx_HAL_Driver/Src/stm32l4xx_hal_tim_ex.o
 .debug_line    0x00016272     0x3bf5 ./Drivers/STM32L4xx_HAL_Driver/Src/stm32l4xx_hal_uart.o
 .debug_line    0x00019e67      0xd7e ./Drivers/STM32L4xx_HAL_Driver/Src/stm32l4xx_hal_uart_ex.o

.debug_str      0x00000000   0x1125db
 .debug_str     0x00000000   0x108477 ./Core/Src/main.o
                             0x10899e (size before relaxing)
 .debug_str     0x00108477     0x1859 ./Core/Src/stm32l4s5i_iot01.o
                             0x105658 (size before relaxing)
 .debug_str     0x00109cd0     0x187a ./Core/Src/stm32l4s5i_iot01_accelero.o
                             0x105942 (size before relaxing)
 .debug_str     0x0010b54a      0x70e ./Core/Src/stm32l4s5i_iot01_hsensor.o
                             0x1047cc (size before relaxing)
 .debug_str     0x0010bc58      0xb6c ./Core/Src/stm32l4s5i_iot01_magneto.o
                             0x104c80 (size before relaxing)
 .debug_str     0x0010c7c4      0xd22 ./Core/Src/stm32l4s5i_iot01_psensor.o
                             0x104ded (size before relaxing)
 .debug_str     0x0010d4e6      0x355 ./Core/Src/stm32l4xx_hal_msp.o
                             0x10494f (size before relaxing)
 .debug_str     0x0010d83b       0xec ./Core/Src/stm32l4xx_it.o
                             0x1039fb (size before relaxing)
 .debug_str     0x0010d927       0xf2 ./Core/Src/system_stm32l4xx.o
                             0x103572 (size before relaxing)
 .debug_str     0x0010da19       0x44 ./Core/Startup/startup_stm32l4s5vitx.o
                                 0x95 (size before relaxing)
 .debug_str     0x0010da5d      0x1b1 ./Drivers/Components/hts221/hts221.o
                               0x4624 (size before relaxing)
 .debug_str     0x0010dc0e       0xb2 ./Drivers/Components/lis3mdl/lis3mdl.o
                               0x4967 (size before relaxing)
 .debug_str     0x0010dcc0       0xaf ./Drivers/Components/lps22hb/lps22hb.o
                               0x4bf8 (size before relaxing)
 .debug_str     0x0010dd6f      0x11c ./Drivers/Components/lsm6dsl/lsm6dsl.o
                               0x560d (size before relaxing)
 .debug_str     0x0010de8b      0x630 ./Drivers/STM32L4xx_HAL_Driver/Src/stm32l4xx_hal.o
                             0x104150 (size before relaxing)
 .debug_str     0x0010e4bb      0x34b ./Drivers/STM32L4xx_HAL_Driver/Src/stm32l4xx_hal_cortex.o
                             0x103e11 (size before relaxing)
 .debug_str     0x0010e806       0xff ./Drivers/STM32L4xx_HAL_Driver/Src/stm32l4xx_hal_gpio.o
                             0x1036ec (size before relaxing)
 .debug_str     0x0010e905      0xd8b ./Drivers/STM32L4xx_HAL_Driver/Src/stm32l4xx_hal_i2c.o
                             0x10484f (size before relaxing)
 .debug_str     0x0010f690       0xb8 ./Drivers/STM32L4xx_HAL_Driver/Src/stm32l4xx_hal_i2c_ex.o
                             0x103b80 (size before relaxing)
 .debug_str     0x0010f748      0x575 ./Drivers/STM32L4xx_HAL_Driver/Src/stm32l4xx_hal_pwr_ex.o
                             0x103b45 (size before relaxing)
 .debug_str     0x0010fcbd      0x3c7 ./Drivers/STM32L4xx_HAL_Driver/Src/stm32l4xx_hal_rcc.o
                             0x103be5 (size before relaxing)
 .debug_str     0x00110084      0x5b3 ./Drivers/STM32L4xx_HAL_Driver/Src/stm32l4xx_hal_rcc_ex.o
                             0x103fa6 (size before relaxing)
 .debug_str     0x00110637      0xdf2 ./Drivers/STM32L4xx_HAL_Driver/Src/stm32l4xx_hal_tim.o
                             0x10498e (size before relaxing)
 .debug_str     0x00111429      0x588 ./Drivers/STM32L4xx_HAL_Driver/Src/stm32l4xx_hal_tim_ex.o
                             0x1042a2 (size before relaxing)
 .debug_str     0x001119b1      0x9c6 ./Drivers/STM32L4xx_HAL_Driver/Src/stm32l4xx_hal_uart.o
                             0x104516 (size before relaxing)
 .debug_str     0x00112377      0x264 ./Drivers/STM32L4xx_HAL_Driver/Src/stm32l4xx_hal_uart_ex.o
                             0x103d26 (size before relaxing)

.comment        0x00000000       0x43
 .comment       0x00000000       0x43 ./Core/Src/main.o
                                 0x44 (size before relaxing)
 .comment       0x00000043       0x44 ./Core/Src/stm32l4s5i_iot01.o
 .comment       0x00000043       0x44 ./Core/Src/stm32l4s5i_iot01_accelero.o
 .comment       0x00000043       0x44 ./Core/Src/stm32l4s5i_iot01_hsensor.o
 .comment       0x00000043       0x44 ./Core/Src/stm32l4s5i_iot01_magneto.o
 .comment       0x00000043       0x44 ./Core/Src/stm32l4s5i_iot01_psensor.o
 .comment       0x00000043       0x44 ./Core/Src/stm32l4xx_hal_msp.o
 .comment       0x00000043       0x44 ./Core/Src/stm32l4xx_it.o
 .comment       0x00000043       0x44 ./Core/Src/system_stm32l4xx.o
 .comment       0x00000043       0x44 ./Drivers/Components/hts221/hts221.o
 .comment       0x00000043       0x44 ./Drivers/Components/lis3mdl/lis3mdl.o
 .comment       0x00000043       0x44 ./Drivers/Components/lps22hb/lps22hb.o
 .comment       0x00000043       0x44 ./Drivers/Components/lsm6dsl/lsm6dsl.o
 .comment       0x00000043       0x44 ./Drivers/STM32L4xx_HAL_Driver/Src/stm32l4xx_hal.o
 .comment       0x00000043       0x44 ./Drivers/STM32L4xx_HAL_Driver/Src/stm32l4xx_hal_cortex.o
 .comment       0x00000043       0x44 ./Drivers/STM32L4xx_HAL_Driver/Src/stm32l4xx_hal_gpio.o
 .comment       0x00000043       0x44 ./Drivers/STM32L4xx_HAL_Driver/Src/stm32l4xx_hal_i2c.o
 .comment       0x00000043       0x44 ./Drivers/STM32L4xx_HAL_Driver/Src/stm32l4xx_hal_i2c_ex.o
 .comment       0x00000043       0x44 ./Drivers/STM32L4xx_HAL_Driver/Src/stm32l4xx_hal_pwr_ex.o
 .comment       0x00000043       0x44 ./Drivers/STM32L4xx_HAL_Driver/Src/stm32l4xx_hal_rcc.o
 .comment       0x00000043       0x44 ./Drivers/STM32L4xx_HAL_Driver/Src/stm32l4xx_hal_rcc_ex.o
 .comment       0x00000043       0x44 ./Drivers/STM32L4xx_HAL_Driver/Src/stm32l4xx_hal_tim.o
 .comment       0x00000043       0x44 ./Drivers/STM32L4xx_HAL_Driver/Src/stm32l4xx_hal_tim_ex.o
 .comment       0x00000043       0x44 ./Drivers/STM32L4xx_HAL_Driver/Src/stm32l4xx_hal_uart.o
 .comment       0x00000043       0x44 ./Drivers/STM32L4xx_HAL_Driver/Src/stm32l4xx_hal_uart_ex.o

.debug_frame    0x00000000     0x5950
 .debug_frame   0x00000000      0x110 ./Core/Src/main.o
 .debug_frame   0x00000110      0x490 ./Core/Src/stm32l4s5i_iot01.o
 .debug_frame   0x000005a0       0x98 ./Core/Src/stm32l4s5i_iot01_accelero.o
 .debug_frame   0x00000638       0x6c ./Core/Src/stm32l4s5i_iot01_hsensor.o
 .debug_frame   0x000006a4       0x98 ./Core/Src/stm32l4s5i_iot01_magneto.o
 .debug_frame   0x0000073c       0x6c ./Core/Src/stm32l4s5i_iot01_psensor.o
 .debug_frame   0x000007a8      0x118 ./Core/Src/stm32l4xx_hal_msp.o
 .debug_frame   0x000008c0      0x120 ./Core/Src/stm32l4xx_it.o
 .debug_frame   0x000009e0       0x58 ./Core/Src/system_stm32l4xx.o
 .debug_frame   0x00000a38       0xc4 ./Drivers/Components/hts221/hts221.o
 .debug_frame   0x00000afc       0xbc ./Drivers/Components/lis3mdl/lis3mdl.o
 .debug_frame   0x00000bb8       0xf0 ./Drivers/Components/lps22hb/lps22hb.o
 .debug_frame   0x00000ca8      0x168 ./Drivers/Components/lsm6dsl/lsm6dsl.o
 .debug_frame   0x00000e10      0x498 ./Drivers/STM32L4xx_HAL_Driver/Src/stm32l4xx_hal.o
 .debug_frame   0x000012a8      0x4e8 ./Drivers/STM32L4xx_HAL_Driver/Src/stm32l4xx_hal_cortex.o
 .debug_frame   0x00001790      0x14c ./Drivers/STM32L4xx_HAL_Driver/Src/stm32l4xx_hal_gpio.o
 .debug_frame   0x000018dc      0xc38 ./Drivers/STM32L4xx_HAL_Driver/Src/stm32l4xx_hal_i2c.o
 .debug_frame   0x00002514      0x100 ./Drivers/STM32L4xx_HAL_Driver/Src/stm32l4xx_hal_i2c_ex.o
 .debug_frame   0x00002614      0x5c4 ./Drivers/STM32L4xx_HAL_Driver/Src/stm32l4xx_hal_pwr_ex.o
 .debug_frame   0x00002bd8      0x248 ./Drivers/STM32L4xx_HAL_Driver/Src/stm32l4xx_hal_rcc.o
 .debug_frame   0x00002e20      0x464 ./Drivers/STM32L4xx_HAL_Driver/Src/stm32l4xx_hal_rcc_ex.o
 .debug_frame   0x00003284     0x121c ./Drivers/STM32L4xx_HAL_Driver/Src/stm32l4xx_hal_tim.o
 .debug_frame   0x000044a0      0x6b0 ./Drivers/STM32L4xx_HAL_Driver/Src/stm32l4xx_hal_tim_ex.o
 .debug_frame   0x00004b50      0xa94 ./Drivers/STM32L4xx_HAL_Driver/Src/stm32l4xx_hal_uart.o
 .debug_frame   0x000055e4      0x2c0 ./Drivers/STM32L4xx_HAL_Driver/Src/stm32l4xx_hal_uart_ex.o
 .debug_frame   0x000058a4       0x20 /Applications/STM32CubeIDE.app/Contents/Eclipse/plugins/com.st.stm32cube.ide.mcu.externaltools.gnu-tools-for-stm32.12.3.rel1.macos64_1.0.200.202406191456/tools/bin/../lib/gcc/arm-none-eabi/12.3.1/../../../../arm-none-eabi/lib/thumb/v7e-m+fp/hard/libc_nano.a(libc_a-memset.o)
 .debug_frame   0x000058c4       0x2c /Applications/STM32CubeIDE.app/Contents/Eclipse/plugins/com.st.stm32cube.ide.mcu.externaltools.gnu-tools-for-stm32.12.3.rel1.macos64_1.0.200.202406191456/tools/bin/../lib/gcc/arm-none-eabi/12.3.1/../../../../arm-none-eabi/lib/thumb/v7e-m+fp/hard/libc_nano.a(libc_a-init.o)
 .debug_frame   0x000058f0       0x2c /Applications/STM32CubeIDE.app/Contents/Eclipse/plugins/com.st.stm32cube.ide.mcu.externaltools.gnu-tools-for-stm32.12.3.rel1.macos64_1.0.200.202406191456/tools/bin/../lib/gcc/arm-none-eabi/12.3.1/thumb/v7e-m+fp/hard/libgcc.a(_aeabi_uldivmod.o)
 .debug_frame   0x0000591c       0x34 /Applications/STM32CubeIDE.app/Contents/Eclipse/plugins/com.st.stm32cube.ide.mcu.externaltools.gnu-tools-for-stm32.12.3.rel1.macos64_1.0.200.202406191456/tools/bin/../lib/gcc/arm-none-eabi/12.3.1/thumb/v7e-m+fp/hard/libgcc.a(_udivmoddi4.o)

.debug_line_str
                0x00000000       0x79
 .debug_line_str
                0x00000000       0x79 ./Core/Startup/startup_stm32l4s5vitx.o
